Archive member included to satisfy reference by file (symbol)

c:/users/jean-francois/.p2/pool/plugins/fr.ac6.mcu.externaltools.arm-none.win32_1.7.0.201602121829/tools/compiler/bin/../lib/gcc/arm-none-eabi/5.2.1/../../../../arm-none-eabi/lib/armv7e-m/fpu\libc_nano.a(lib_a-exit.o)
                              c:/users/jean-francois/.p2/pool/plugins/fr.ac6.mcu.externaltools.arm-none.win32_1.7.0.201602121829/tools/compiler/bin/../lib/gcc/arm-none-eabi/5.2.1/../../../../arm-none-eabi/lib/armv7e-m/fpu/crt0.o (exit)
c:/users/jean-francois/.p2/pool/plugins/fr.ac6.mcu.externaltools.arm-none.win32_1.7.0.201602121829/tools/compiler/bin/../lib/gcc/arm-none-eabi/5.2.1/../../../../arm-none-eabi/lib/armv7e-m/fpu\libc_nano.a(lib_a-impure.o)
                              c:/users/jean-francois/.p2/pool/plugins/fr.ac6.mcu.externaltools.arm-none.win32_1.7.0.201602121829/tools/compiler/bin/../lib/gcc/arm-none-eabi/5.2.1/../../../../arm-none-eabi/lib/armv7e-m/fpu\libc_nano.a(lib_a-exit.o) (_global_impure_ptr)
c:/users/jean-francois/.p2/pool/plugins/fr.ac6.mcu.externaltools.arm-none.win32_1.7.0.201602121829/tools/compiler/bin/../lib/gcc/arm-none-eabi/5.2.1/../../../../arm-none-eabi/lib/armv7e-m/fpu\libc_nano.a(lib_a-init.o)
                              c:/users/jean-francois/.p2/pool/plugins/fr.ac6.mcu.externaltools.arm-none.win32_1.7.0.201602121829/tools/compiler/bin/../lib/gcc/arm-none-eabi/5.2.1/../../../../arm-none-eabi/lib/armv7e-m/fpu/crt0.o (__libc_init_array)
c:/users/jean-francois/.p2/pool/plugins/fr.ac6.mcu.externaltools.arm-none.win32_1.7.0.201602121829/tools/compiler/bin/../lib/gcc/arm-none-eabi/5.2.1/../../../../arm-none-eabi/lib/armv7e-m/fpu\libc_nano.a(lib_a-memset.o)
                              c:/users/jean-francois/.p2/pool/plugins/fr.ac6.mcu.externaltools.arm-none.win32_1.7.0.201602121829/tools/compiler/bin/../lib/gcc/arm-none-eabi/5.2.1/../../../../arm-none-eabi/lib/armv7e-m/fpu/crt0.o (memset)
c:/users/jean-francois/.p2/pool/plugins/fr.ac6.mcu.externaltools.arm-none.win32_1.7.0.201602121829/tools/compiler/bin/../lib/gcc/arm-none-eabi/5.2.1/../../../../arm-none-eabi/lib/armv7e-m/fpu\libnosys.a(_exit.o)
                              c:/users/jean-francois/.p2/pool/plugins/fr.ac6.mcu.externaltools.arm-none.win32_1.7.0.201602121829/tools/compiler/bin/../lib/gcc/arm-none-eabi/5.2.1/../../../../arm-none-eabi/lib/armv7e-m/fpu\libc_nano.a(lib_a-exit.o) (_exit)

Allocating common symbols
Common symbol       size              file

pFlash              0x20              Drivers/STM32F4xx_HAL_Driver/stm32f4xx_hal_flash.o
hspi3               0x58              Application/User/spi.o
htim9               0x3c              Application/User/tim.o
huart2              0x40              Application/User/usart.o

Discarded input sections

 .text          0x00000000        0x0 c:/users/jean-francois/.p2/pool/plugins/fr.ac6.mcu.externaltools.arm-none.win32_1.7.0.201602121829/tools/compiler/bin/../lib/gcc/arm-none-eabi/5.2.1/armv7e-m/fpu/crti.o
 .data          0x00000000        0x0 c:/users/jean-francois/.p2/pool/plugins/fr.ac6.mcu.externaltools.arm-none.win32_1.7.0.201602121829/tools/compiler/bin/../lib/gcc/arm-none-eabi/5.2.1/armv7e-m/fpu/crti.o
 .bss           0x00000000        0x0 c:/users/jean-francois/.p2/pool/plugins/fr.ac6.mcu.externaltools.arm-none.win32_1.7.0.201602121829/tools/compiler/bin/../lib/gcc/arm-none-eabi/5.2.1/armv7e-m/fpu/crti.o
 .data          0x00000000        0x4 c:/users/jean-francois/.p2/pool/plugins/fr.ac6.mcu.externaltools.arm-none.win32_1.7.0.201602121829/tools/compiler/bin/../lib/gcc/arm-none-eabi/5.2.1/armv7e-m/fpu/crtbegin.o
 .text          0x00000000       0x74 c:/users/jean-francois/.p2/pool/plugins/fr.ac6.mcu.externaltools.arm-none.win32_1.7.0.201602121829/tools/compiler/bin/../lib/gcc/arm-none-eabi/5.2.1/../../../../arm-none-eabi/lib/armv7e-m/fpu/crt0.o
 .data          0x00000000        0x0 c:/users/jean-francois/.p2/pool/plugins/fr.ac6.mcu.externaltools.arm-none.win32_1.7.0.201602121829/tools/compiler/bin/../lib/gcc/arm-none-eabi/5.2.1/../../../../arm-none-eabi/lib/armv7e-m/fpu/crt0.o
 .bss           0x00000000        0x0 c:/users/jean-francois/.p2/pool/plugins/fr.ac6.mcu.externaltools.arm-none.win32_1.7.0.201602121829/tools/compiler/bin/../lib/gcc/arm-none-eabi/5.2.1/../../../../arm-none-eabi/lib/armv7e-m/fpu/crt0.o
 .ARM.extab     0x00000000        0x0 c:/users/jean-francois/.p2/pool/plugins/fr.ac6.mcu.externaltools.arm-none.win32_1.7.0.201602121829/tools/compiler/bin/../lib/gcc/arm-none-eabi/5.2.1/../../../../arm-none-eabi/lib/armv7e-m/fpu/crt0.o
 .ARM.exidx     0x00000000        0x8 c:/users/jean-francois/.p2/pool/plugins/fr.ac6.mcu.externaltools.arm-none.win32_1.7.0.201602121829/tools/compiler/bin/../lib/gcc/arm-none-eabi/5.2.1/../../../../arm-none-eabi/lib/armv7e-m/fpu/crt0.o
 .ARM.attributes
[...]
Memory Configuration

Name             Origin             Length             Attributes
FLASH            0x08000000         0x00080000         xr
RAM              0x20000000         0x00020000         xrw
*default*        0x00000000         0xffffffff

Linker script and memory map

LOAD c:/users/jean-francois/.p2/pool/plugins/fr.ac6.mcu.externaltools.arm-none.win32_1.7.0.201602121829/tools/compiler/bin/../lib/gcc/arm-none-eabi/5.2.1/armv7e-m/fpu/crti.o
LOAD c:/users/jean-francois/.p2/pool/plugins/fr.ac6.mcu.externaltools.arm-none.win32_1.7.0.201602121829/tools/compiler/bin/../lib/gcc/arm-none-eabi/5.2.1/armv7e-m/fpu/crtbegin.o
LOAD c:/users/jean-francois/.p2/pool/plugins/fr.ac6.mcu.externaltools.arm-none.win32_1.7.0.201602121829/tools/compiler/bin/../lib/gcc/arm-none-eabi/5.2.1/../../../../arm-none-eabi/lib/armv7e-m/fpu/crt0.o
LOAD c:/users/jean-francois/.p2/pool/plugins/fr.ac6.mcu.externaltools.arm-none.win32_1.7.0.201602121829/tools/compiler/bin/../lib/gcc/arm-none-eabi/5.2.1/../../../../arm-none-eabi/lib/armv7e-m/fpu\libm.a
LOAD Application/SW4STM32/startup_stm32f411xe.o
LOAD Application/User/gpio.o
LOAD Application/User/main.o
LOAD Application/User/spi.o
LOAD Application/User/stm32f4xx_hal_msp.o
LOAD Application/User/stm32f4xx_it.o
LOAD Application/User/tim.o
LOAD Application/User/usart.o
LOAD Drivers/CMSIS/system_stm32f4xx.o
LOAD Drivers/STM32F4xx_HAL_Driver/stm32f4xx_hal.o
LOAD Drivers/STM32F4xx_HAL_Driver/stm32f4xx_hal_cortex.o
LOAD Drivers/STM32F4xx_HAL_Driver/stm32f4xx_hal_dma.o
LOAD Drivers/STM32F4xx_HAL_Driver/stm32f4xx_hal_dma_ex.o
LOAD Drivers/STM32F4xx_HAL_Driver/stm32f4xx_hal_flash.o
LOAD Drivers/STM32F4xx_HAL_Driver/stm32f4xx_hal_flash_ex.o
LOAD Drivers/STM32F4xx_HAL_Driver/stm32f4xx_hal_flash_ramfunc.o
LOAD Drivers/STM32F4xx_HAL_Driver/stm32f4xx_hal_gpio.o
LOAD Drivers/STM32F4xx_HAL_Driver/stm32f4xx_hal_pwr.o
LOAD Drivers/STM32F4xx_HAL_Driver/stm32f4xx_hal_pwr_ex.o
LOAD Drivers/STM32F4xx_HAL_Driver/stm32f4xx_hal_rcc.o
LOAD Drivers/STM32F4xx_HAL_Driver/stm32f4xx_hal_rcc_ex.o
LOAD Drivers/STM32F4xx_HAL_Driver/stm32f4xx_hal_spi.o
LOAD Drivers/STM32F4xx_HAL_Driver/stm32f4xx_hal_tim.o
LOAD Drivers/STM32F4xx_HAL_Driver/stm32f4xx_hal_tim_ex.o
LOAD Drivers/STM32F4xx_HAL_Driver/stm32f4xx_hal_uart.o
LOAD lib/NRF24L01.o
START GROUP
LOAD c:/users/jean-francois/.p2/pool/plugins/fr.ac6.mcu.externaltools.arm-none.win32_1.7.0.201602121829/tools/compiler/bin/../lib/gcc/arm-none-eabi/5.2.1/armv7e-m/fpu\libgcc.a
LOAD c:/users/jean-francois/.p2/pool/plugins/fr.ac6.mcu.externaltools.arm-none.win32_1.7.0.201602121829/tools/compiler/bin/../lib/gcc/arm-none-eabi/5.2.1/../../../../arm-none-eabi/lib/armv7e-m/fpu\libc_nano.a
END GROUP
START GROUP
LOAD c:/users/jean-francois/.p2/pool/plugins/fr.ac6.mcu.externaltools.arm-none.win32_1.7.0.201602121829/tools/compiler/bin/../lib/gcc/arm-none-eabi/5.2.1/armv7e-m/fpu\libgcc.a
LOAD c:/users/jean-francois/.p2/pool/plugins/fr.ac6.mcu.externaltools.arm-none.win32_1.7.0.201602121829/tools/compiler/bin/../lib/gcc/arm-none-eabi/5.2.1/../../../../arm-none-eabi/lib/armv7e-m/fpu\libc_nano.a
LOAD c:/users/jean-francois/.p2/pool/plugins/fr.ac6.mcu.externaltools.arm-none.win32_1.7.0.201602121829/tools/compiler/bin/../lib/gcc/arm-none-eabi/5.2.1/../../../../arm-none-eabi/lib/armv7e-m/fpu\libnosys.a
END GROUP
START GROUP
LOAD c:/users/jean-francois/.p2/pool/plugins/fr.ac6.mcu.externaltools.arm-none.win32_1.7.0.201602121829/tools/compiler/bin/../lib/gcc/arm-none-eabi/5.2.1/armv7e-m/fpu\libgcc.a
LOAD c:/users/jean-francois/.p2/pool/plugins/fr.ac6.mcu.externaltools.arm-none.win32_1.7.0.201602121829/tools/compiler/bin/../lib/gcc/arm-none-eabi/5.2.1/../../../../arm-none-eabi/lib/armv7e-m/fpu\libc_nano.a
LOAD c:/users/jean-francois/.p2/pool/plugins/fr.ac6.mcu.externaltools.arm-none.win32_1.7.0.201602121829/tools/compiler/bin/../lib/gcc/arm-none-eabi/5.2.1/../../../../arm-none-eabi/lib/armv7e-m/fpu\libnosys.a
END GROUP
LOAD c:/users/jean-francois/.p2/pool/plugins/fr.ac6.mcu.externaltools.arm-none.win32_1.7.0.201602121829/tools/compiler/bin/../lib/gcc/arm-none-eabi/5.2.1/armv7e-m/fpu/crtend.o
LOAD c:/users/jean-francois/.p2/pool/plugins/fr.ac6.mcu.externaltools.arm-none.win32_1.7.0.201602121829/tools/compiler/bin/../lib/gcc/arm-none-eabi/5.2.1/armv7e-m/fpu/crtn.o
                0x20020000                _estack = 0x20020000
                0x00000200                _Min_Heap_Size = 0x200
                0x00000400                _Min_Stack_Size = 0x400

.isr_vector     0x08000000      0x198
                0x08000000                . = ALIGN (0x4)
 *(.isr_vector)
 .isr_vector    0x08000000      0x198 Application/SW4STM32/startup_stm32f411xe.o
                0x08000000                g_pfnVectors
                0x08000198                . = ALIGN (0x4)

.text           0x08000198     0x3cec
                0x08000198                . = ALIGN (0x4)
 *(.text)
 .text          0x08000198       0xa4 c:/users/jean-francois/.p2/pool/plugins/fr.ac6.mcu.externaltools.arm-none.win32_1.7.0.201602121829/tools/compiler/bin/../lib/gcc/arm-none-eabi/5.2.1/armv7e-m/fpu/crtbegin.o
 *(.text*)
 .text.Reset_Handler
                0x0800023c       0x50 Application/SW4STM32/startup_stm32f411xe.o
                0x0800023c                Reset_Handler
 .text.Default_Handler
                0x0800028c        0x2 Application/SW4STM32/startup_stm32f411xe.o
                0x0800028c                RTC_Alarm_IRQHandler
                0x0800028c                EXTI2_IRQHandler
                0x0800028c                DebugMon_Handler
                0x0800028c                SPI4_IRQHandler
                0x0800028c                TIM1_CC_IRQHandler
                0x0800028c                DMA2_Stream5_IRQHandler
                0x0800028c                HardFault_Handler
                0x0800028c                DMA1_Stream5_IRQHandler
                0x0800028c                PVD_IRQHandler
                0x0800028c                SDIO_IRQHandler
                0x0800028c                TAMP_STAMP_IRQHandler
                0x0800028c                PendSV_Handler
                0x0800028c                NMI_Handler
                0x0800028c                EXTI3_IRQHandler
                0x0800028c                TIM1_UP_TIM10_IRQHandler
                0x0800028c                I2C3_ER_IRQHandler
                0x0800028c                EXTI0_IRQHandler
                0x0800028c                I2C2_EV_IRQHandler
                0x0800028c                DMA1_Stream2_IRQHandler
                0x0800028c                FPU_IRQHandler
                0x0800028c                UsageFault_Handler
                0x0800028c                DMA2_Stream2_IRQHandler
                0x0800028c                SPI1_IRQHandler
                0x0800028c                DMA2_Stream3_IRQHandler
                0x0800028c                USART6_IRQHandler
                0x0800028c                DMA2_Stream0_IRQHandler
                0x0800028c                TIM4_IRQHandler
                0x0800028c                I2C1_EV_IRQHandler
                0x0800028c                DMA1_Stream6_IRQHandler
                0x0800028c                DMA1_Stream1_IRQHandler
                0x0800028c                TIM3_IRQHandler
                0x0800028c                RCC_IRQHandler
                0x0800028c                Default_Handler
                0x0800028c                ADC_IRQHandler
                0x0800028c                DMA1_Stream7_IRQHandler
                0x0800028c                SPI5_IRQHandler
                0x0800028c                TIM5_IRQHandler
                0x0800028c                DMA2_Stream7_IRQHandler
                0x0800028c                I2C3_EV_IRQHandler
                0x0800028c                RTC_WKUP_IRQHandler
                0x0800028c                SPI2_IRQHandler
                0x0800028c                MemManage_Handler
                0x0800028c                DMA1_Stream0_IRQHandler
                0x0800028c                SVC_Handler
                0x0800028c                EXTI4_IRQHandler
                0x0800028c                WWDG_IRQHandler
                0x0800028c                TIM2_IRQHandler
                0x0800028c                OTG_FS_WKUP_IRQHandler
                0x0800028c                TIM1_TRG_COM_TIM11_IRQHandler
                0x0800028c                EXTI1_IRQHandler
                0x0800028c                I2C2_ER_IRQHandler
                0x0800028c                DMA2_Stream1_IRQHandler
                0x0800028c                FLASH_IRQHandler
                0x0800028c                DMA2_Stream4_IRQHandler
                0x0800028c                BusFault_Handler
                0x0800028c                USART1_IRQHandler
                0x0800028c                OTG_FS_IRQHandler
                0x0800028c                SPI3_IRQHandler
                0x0800028c                DMA1_Stream4_IRQHandler
                0x0800028c                I2C1_ER_IRQHandler
                0x0800028c                DMA2_Stream6_IRQHandler
                0x0800028c                DMA1_Stream3_IRQHandler
 *fill*         0x0800028e        0x2 
 .text.MX_GPIO_Init
                0x08000290      0x128 Application/User/gpio.o
                0x08000290                MX_GPIO_Init
 .text.HAL_GPIO_EXTI_Callback
                0x080003b8       0x20 Application/User/gpio.o
                0x080003b8                HAL_GPIO_EXTI_Callback
 .text.get_IRQ_flag
                0x080003d8       0x18 Application/User/gpio.o
                0x080003d8                get_IRQ_flag
 .text.clear_IRQ_flag
                0x080003f0       0x18 Application/User/gpio.o
                0x080003f0                clear_IRQ_flag
 .text.main     0x08000408      0x1d0 Application/User/main.o
                0x08000408                main
 .text.SystemClock_Config
                0x080005d8       0xcc Application/User/main.o
                0x080005d8                SystemClock_Config
 .text.MX_SPI3_Init
                0x080006a4       0x64 Application/User/spi.o
                0x080006a4                MX_SPI3_Init
 .text.HAL_SPI_MspInit
                0x08000708       0x64 Application/User/spi.o
                0x08000708                HAL_SPI_MspInit
 .text.HAL_MspInit
                0x0800076c       0x1c Application/User/stm32f4xx_hal_msp.o
                0x0800076c                HAL_MspInit
 .text.SysTick_Handler
                0x08000788       0x10 Application/User/stm32f4xx_it.o
                0x08000788                SysTick_Handler
 .text.EXTI9_5_IRQHandler
                0x08000798       0x10 Application/User/stm32f4xx_it.o
                0x08000798                EXTI9_5_IRQHandler
 .text.TIM1_BRK_TIM9_IRQHandler
                0x080007a8       0x14 Application/User/stm32f4xx_it.o
                0x080007a8                TIM1_BRK_TIM9_IRQHandler
 .text.USART2_IRQHandler
                0x080007bc       0x14 Application/User/stm32f4xx_it.o
                0x080007bc                USART2_IRQHandler
 .text.EXTI15_10_IRQHandler
                0x080007d0       0x10 Application/User/stm32f4xx_it.o
                0x080007d0                EXTI15_10_IRQHandler
 .text.MX_TIM9_Init
                0x080007e0       0x4c Application/User/tim.o
                0x080007e0                MX_TIM9_Init
 .text.HAL_TIM_Base_MspInit
                0x0800082c       0x50 Application/User/tim.o
                0x0800082c                HAL_TIM_Base_MspInit
 .text.HAL_TIM_PeriodElapsedCallback
                0x0800087c       0x40 Application/User/tim.o
                0x0800087c                HAL_TIM_PeriodElapsedCallback
 .text.get_tim9_flag
                0x080008bc       0x18 Application/User/tim.o
                0x080008bc                get_tim9_flag
 .text.clear_tim9_flag
                0x080008d4       0x18 Application/User/tim.o
                0x080008d4                clear_tim9_flag
 .text.MX_USART2_UART_Init
                0x080008ec       0x48 Application/User/usart.o
                0x080008ec                MX_USART2_UART_Init
 .text.HAL_UART_MspInit
                0x08000934       0x74 Application/User/usart.o
                0x08000934                HAL_UART_MspInit
 .text.HAL_UART_RxCpltCallback
                0x080009a8       0x20 Application/User/usart.o
                0x080009a8                HAL_UART_RxCpltCallback
 .text.get_huart2_flag
                0x080009c8       0x18 Application/User/usart.o
                0x080009c8                get_huart2_flag
 .text.clear_huart2_flag
                0x080009e0       0x18 Application/User/usart.o
                0x080009e0                clear_huart2_flag
 .text.SystemInit
                0x080009f8       0x6c Drivers/CMSIS/system_stm32f4xx.o
                0x080009f8                SystemInit
 .text.HAL_Init
                0x08000a64       0x44 Drivers/STM32F4xx_HAL_Driver/stm32f4xx_hal.o
                0x08000a64                HAL_Init
 .text.HAL_InitTick
                0x08000aa8       0x38 Drivers/STM32F4xx_HAL_Driver/stm32f4xx_hal.o
                0x08000aa8                HAL_InitTick
 .text.HAL_IncTick
                0x08000ae0       0x1c Drivers/STM32F4xx_HAL_Driver/stm32f4xx_hal.o
                0x08000ae0                HAL_IncTick
 .text.HAL_GetTick
                0x08000afc       0x18 Drivers/STM32F4xx_HAL_Driver/stm32f4xx_hal.o
                0x08000afc                HAL_GetTick
 .text.HAL_Delay
                0x08000b14       0x2c Drivers/STM32F4xx_HAL_Driver/stm32f4xx_hal.o
                0x08000b14                HAL_Delay
 .text.NVIC_SetPriorityGrouping
                0x08000b40       0x48 Drivers/STM32F4xx_HAL_Driver/stm32f4xx_hal_cortex.o
 .text.NVIC_GetPriorityGrouping
                0x08000b88       0x1c Drivers/STM32F4xx_HAL_Driver/stm32f4xx_hal_cortex.o
 .text.NVIC_EnableIRQ
                0x08000ba4       0x34 Drivers/STM32F4xx_HAL_Driver/stm32f4xx_hal_cortex.o
 .text.NVIC_SetPriority
                0x08000bd8       0x54 Drivers/STM32F4xx_HAL_Driver/stm32f4xx_hal_cortex.o
 .text.NVIC_EncodePriority
                0x08000c2c       0x64 Drivers/STM32F4xx_HAL_Driver/stm32f4xx_hal_cortex.o
 .text.SysTick_Config
                0x08000c90       0x44 Drivers/STM32F4xx_HAL_Driver/stm32f4xx_hal_cortex.o
 .text.HAL_NVIC_SetPriorityGrouping
                0x08000cd4       0x18 Drivers/STM32F4xx_HAL_Driver/stm32f4xx_hal_cortex.o
                0x08000cd4                HAL_NVIC_SetPriorityGrouping
 .text.HAL_NVIC_SetPriority
                0x08000cec       0x38 Drivers/STM32F4xx_HAL_Driver/stm32f4xx_hal_cortex.o
                0x08000cec                HAL_NVIC_SetPriority
 .text.HAL_NVIC_EnableIRQ
                0x08000d24       0x1c Drivers/STM32F4xx_HAL_Driver/stm32f4xx_hal_cortex.o
                0x08000d24                HAL_NVIC_EnableIRQ
 .text.HAL_SYSTICK_Config
                0x08000d40       0x18 Drivers/STM32F4xx_HAL_Driver/stm32f4xx_hal_cortex.o
                0x08000d40                HAL_SYSTICK_Config
 .text.HAL_SYSTICK_CLKSourceConfig
                0x08000d58       0x38 Drivers/STM32F4xx_HAL_Driver/stm32f4xx_hal_cortex.o
                0x08000d58                HAL_SYSTICK_CLKSourceConfig
 .text.HAL_SYSTICK_IRQHandler
                0x08000d90        0xc Drivers/STM32F4xx_HAL_Driver/stm32f4xx_hal_cortex.o
                0x08000d90                HAL_SYSTICK_IRQHandler
 .text.HAL_SYSTICK_Callback
                0x08000d9c       0x10 Drivers/STM32F4xx_HAL_Driver/stm32f4xx_hal_cortex.o
                0x08000d9c                HAL_SYSTICK_Callback
 .text.HAL_GPIO_Init
                0x08000dac      0x304 Drivers/STM32F4xx_HAL_Driver/stm32f4xx_hal_gpio.o
                0x08000dac                HAL_GPIO_Init
 .text.HAL_GPIO_WritePin
                0x080010b0       0x34 Drivers/STM32F4xx_HAL_Driver/stm32f4xx_hal_gpio.o
                0x080010b0                HAL_GPIO_WritePin
 .text.HAL_GPIO_TogglePin
                0x080010e4       0x24 Drivers/STM32F4xx_HAL_Driver/stm32f4xx_hal_gpio.o
                0x080010e4                HAL_GPIO_TogglePin
 .text.HAL_GPIO_EXTI_IRQHandler
                0x08001108       0x30 Drivers/STM32F4xx_HAL_Driver/stm32f4xx_hal_gpio.o
                0x08001108                HAL_GPIO_EXTI_IRQHandler
 .text.HAL_RCC_OscConfig
                0x08001138      0x488 Drivers/STM32F4xx_HAL_Driver/stm32f4xx_hal_rcc.o
                0x08001138                HAL_RCC_OscConfig
 .text.HAL_RCC_ClockConfig
                0x080015c0      0x314 Drivers/STM32F4xx_HAL_Driver/stm32f4xx_hal_rcc.o
                0x080015c0                HAL_RCC_ClockConfig
 .text.HAL_RCC_GetSysClockFreq
                0x080018d4       0xfc Drivers/STM32F4xx_HAL_Driver/stm32f4xx_hal_rcc.o
                0x080018d4                HAL_RCC_GetSysClockFreq
 .text.HAL_RCC_GetHCLKFreq
                0x080019d0       0x50 Drivers/STM32F4xx_HAL_Driver/stm32f4xx_hal_rcc.o
                0x080019d0                HAL_RCC_GetHCLKFreq
 .text.HAL_RCC_GetPCLK1Freq
                0x08001a20       0x44 Drivers/STM32F4xx_HAL_Driver/stm32f4xx_hal_rcc.o
                0x08001a20                HAL_RCC_GetPCLK1Freq
 .text.HAL_RCC_GetPCLK2Freq
                0x08001a64       0x44 Drivers/STM32F4xx_HAL_Driver/stm32f4xx_hal_rcc.o
                0x08001a64                HAL_RCC_GetPCLK2Freq
 .text.HAL_SPI_Init
                0x08001aa8       0xcc Drivers/STM32F4xx_HAL_Driver/stm32f4xx_hal_spi.o
                0x08001aa8                HAL_SPI_Init
 .text.HAL_SPI_TransmitReceive
                0x08001b74      0x4b4 Drivers/STM32F4xx_HAL_Driver/stm32f4xx_hal_spi.o
                0x08001b74                HAL_SPI_TransmitReceive
 .text.SPI_WaitOnFlagUntilTimeout
                0x08002028      0x148 Drivers/STM32F4xx_HAL_Driver/stm32f4xx_hal_spi.o
 .text.HAL_TIM_Base_Init
                0x08002170       0x58 Drivers/STM32F4xx_HAL_Driver/stm32f4xx_hal_tim.o
                0x08002170                HAL_TIM_Base_Init
 .text.HAL_TIM_Base_Start_IT
                0x080021c8       0x38 Drivers/STM32F4xx_HAL_Driver/stm32f4xx_hal_tim.o
                0x080021c8                HAL_TIM_Base_Start_IT
 .text.HAL_TIM_IRQHandler
                0x08002200      0x210 Drivers/STM32F4xx_HAL_Driver/stm32f4xx_hal_tim.o
                0x08002200                HAL_TIM_IRQHandler
 .text.HAL_TIM_ConfigClockSource
                0x08002410      0x1b8 Drivers/STM32F4xx_HAL_Driver/stm32f4xx_hal_tim.o
                0x08002410                HAL_TIM_ConfigClockSource
 .text.HAL_TIM_OC_DelayElapsedCallback
                0x080025c8       0x14 Drivers/STM32F4xx_HAL_Driver/stm32f4xx_hal_tim.o
                0x080025c8                HAL_TIM_OC_DelayElapsedCallback
 .text.HAL_TIM_IC_CaptureCallback
                0x080025dc       0x14 Drivers/STM32F4xx_HAL_Driver/stm32f4xx_hal_tim.o
                0x080025dc                HAL_TIM_IC_CaptureCallback
 .text.HAL_TIM_PWM_PulseFinishedCallback
                0x080025f0       0x14 Drivers/STM32F4xx_HAL_Driver/stm32f4xx_hal_tim.o
                0x080025f0                HAL_TIM_PWM_PulseFinishedCallback
 .text.HAL_TIM_TriggerCallback
                0x08002604       0x14 Drivers/STM32F4xx_HAL_Driver/stm32f4xx_hal_tim.o
                0x08002604                HAL_TIM_TriggerCallback
 .text.TIM_Base_SetConfig
                0x08002618      0x108 Drivers/STM32F4xx_HAL_Driver/stm32f4xx_hal_tim.o
                0x08002618                TIM_Base_SetConfig
 .text.TIM_TI1_ConfigInputStage
                0x08002720       0x68 Drivers/STM32F4xx_HAL_Driver/stm32f4xx_hal_tim.o
 .text.TIM_TI2_ConfigInputStage
                0x08002788       0x68 Drivers/STM32F4xx_HAL_Driver/stm32f4xx_hal_tim.o
 .text.TIM_ITRx_SetConfig
                0x080027f0       0x40 Drivers/STM32F4xx_HAL_Driver/stm32f4xx_hal_tim.o
 .text.TIM_ETR_SetConfig
                0x08002830       0x44 Drivers/STM32F4xx_HAL_Driver/stm32f4xx_hal_tim.o
 .text.HAL_TIMEx_CommutationCallback
                0x08002874       0x14 Drivers/STM32F4xx_HAL_Driver/stm32f4xx_hal_tim_ex.o
                0x08002874                HAL_TIMEx_CommutationCallback
 .text.HAL_TIMEx_BreakCallback
                0x08002888       0x14 Drivers/STM32F4xx_HAL_Driver/stm32f4xx_hal_tim_ex.o
                0x08002888                HAL_TIMEx_BreakCallback
 .text.HAL_UART_Init
                0x0800289c       0x94 Drivers/STM32F4xx_HAL_Driver/stm32f4xx_hal_uart.o
                0x0800289c                HAL_UART_Init
 .text.HAL_UART_Transmit_IT
                0x08002930       0xb0 Drivers/STM32F4xx_HAL_Driver/stm32f4xx_hal_uart.o
                0x08002930                HAL_UART_Transmit_IT
 .text.HAL_UART_Receive_IT
                0x080029e0       0xd0 Drivers/STM32F4xx_HAL_Driver/stm32f4xx_hal_uart.o
                0x080029e0                HAL_UART_Receive_IT
 .text.HAL_UART_IRQHandler
                0x08002ab0      0x20c Drivers/STM32F4xx_HAL_Driver/stm32f4xx_hal_uart.o
                0x08002ab0                HAL_UART_IRQHandler
 .text.HAL_UART_TxCpltCallback
                0x08002cbc       0x14 Drivers/STM32F4xx_HAL_Driver/stm32f4xx_hal_uart.o
                0x08002cbc                HAL_UART_TxCpltCallback
 .text.HAL_UART_ErrorCallback
                0x08002cd0       0x14 Drivers/STM32F4xx_HAL_Driver/stm32f4xx_hal_uart.o
                0x08002cd0                HAL_UART_ErrorCallback
 .text.UART_Transmit_IT
                0x08002ce4       0xb8 Drivers/STM32F4xx_HAL_Driver/stm32f4xx_hal_uart.o
 .text.UART_EndTransmit_IT
                0x08002d9c       0x48 Drivers/STM32F4xx_HAL_Driver/stm32f4xx_hal_uart.o
 .text.UART_Receive_IT
                0x08002de4      0x128 Drivers/STM32F4xx_HAL_Driver/stm32f4xx_hal_uart.o
 .text.UART_SetConfig
                0x08002f0c      0x2d8 Drivers/STM32F4xx_HAL_Driver/stm32f4xx_hal_uart.o
 .text.NRF24L01_Set_CSN
                0x080031e4       0x18 lib/NRF24L01.o
                0x080031e4                NRF24L01_Set_CSN
 .text.NRF24L01_Reset_CSN
                0x080031fc       0x18 lib/NRF24L01.o
                0x080031fc                NRF24L01_Reset_CSN
 .text.NRF24L01_Read_Status
                0x08003214       0x40 lib/NRF24L01.o
                0x08003214                NRF24L01_Read_Status
 .text.NRF24l01_Write_Register
                0x08003254       0xf4 lib/NRF24L01.o
                0x08003254                NRF24l01_Write_Register
 .text.NRF24L01_Enable_AA
                0x08003348       0x68 lib/NRF24L01.o
                0x08003348                NRF24L01_Enable_AA
 .text.NRF24L01_Enable_RXADDR
                0x080033b0       0x68 lib/NRF24L01.o
                0x080033b0                NRF24L01_Enable_RXADDR
 .text.NRF24L01_Setup_Adress_Width
                0x08003418       0x38 lib/NRF24L01.o
                0x08003418                NRF24L01_Setup_Adress_Width
 .text.NRF24L01_Setup_Retransmission
                0x08003450       0x34 lib/NRF24L01.o
                0x08003450                NRF24L01_Setup_Retransmission
 .text.NRF24L01_RF_Channel
                0x08003484       0x28 lib/NRF24L01.o
                0x08003484                NRF24L01_RF_Channel
 .text.NRF24L01_RF_Setup
                0x080034ac       0x7c lib/NRF24L01.o
                0x080034ac                NRF24L01_RF_Setup
 .text.NRF24L01_Dynamic_Payload
                0x08003528       0x68 lib/NRF24L01.o
                0x08003528                NRF24L01_Dynamic_Payload
 .text.NRF24L01_Feature
                0x08003590       0x48 lib/NRF24L01.o
                0x08003590                NRF24L01_Feature
 .text.NRF24L01_Config
                0x080035d8       0x98 lib/NRF24L01.o
                0x080035d8                NRF24L01_Config
 .text.NRF24L01_Power_Control
                0x08003670       0x44 lib/NRF24L01.o
                0x08003670                NRF24L01_Power_Control
 .text.NRF24L01_Write_RX_Address
                0x080036b4      0x1d0 lib/NRF24L01.o
                0x080036b4                NRF24L01_Write_RX_Address
 .text.NRF24L01_Write_TX_Address
                0x08003884      0x138 lib/NRF24L01.o
                0x08003884                NRF24L01_Write_TX_Address
 .text.NRF24L01_Write_Payload_Width
                0x080039bc       0x74 lib/NRF24L01.o
                0x080039bc                NRF24L01_Write_Payload_Width
 .text.NRF24L01_Write_TX_Payload
                0x08003a30       0xa4 lib/NRF24L01.o
                0x08003a30                NRF24L01_Write_TX_Payload
 .text.NRF24L01_Read_RX_Payload
                0x08003ad4       0xc0 lib/NRF24L01.o
                0x08003ad4                NRF24L01_Read_RX_Payload
 .text.NRF24L01_Flush
                0x08003b94       0x5c lib/NRF24L01.o
                0x08003b94                NRF24L01_Flush
 .text.NRF24L01_Activation_Control
                0x08003bf0       0x40 lib/NRF24L01.o
                0x08003bf0                NRF24L01_Activation_Control
 .text.NRF24L01_Transmit
                0x08003c30       0x58 lib/NRF24L01.o
                0x08003c30                NRF24L01_Transmit
 .text.NRF24L01_Clear_TX_DS
                0x08003c88       0x28 lib/NRF24L01.o
                0x08003c88                NRF24L01_Clear_TX_DS
 .text.NRF24L01_Clear_RX_DR
                0x08003cb0       0x28 lib/NRF24L01.o
                0x08003cb0                NRF24L01_Clear_RX_DR
 .text.NRF24L01_Clear_MAX_RT
                0x08003cd8       0x28 lib/NRF24L01.o
                0x08003cd8                NRF24L01_Clear_MAX_RT
 .text.NRF24L01_Read_Data_Pipe_Number
                0x08003d00       0x28 lib/NRF24L01.o
                0x08003d00                NRF24L01_Read_Data_Pipe_Number
 .text.NRF24l01_Initialization
                0x08003d28       0xf8 lib/NRF24L01.o
                0x08003d28                NRF24l01_Initialization
 .text.__libc_init_array
                0x08003e20       0x4c c:/users/jean-francois/.p2/pool/plugins/fr.ac6.mcu.externaltools.arm-none.win32_1.7.0.201602121829/tools/compiler/bin/../lib/gcc/arm-none-eabi/5.2.1/../../../../arm-none-eabi/lib/armv7e-m/fpu\libc_nano.a(lib_a-init.o)
                0x08003e20                __libc_init_array
 *(.glue_7)
 .glue_7        0x08003e6c        0x0 linker stubs
 *(.glue_7t)
 .glue_7t       0x08003e6c        0x0 linker stubs
 *(.eh_frame)
 .eh_frame      0x08003e6c        0x0 c:/users/jean-francois/.p2/pool/plugins/fr.ac6.mcu.externaltools.arm-none.win32_1.7.0.201602121829/tools/compiler/bin/../lib/gcc/arm-none-eabi/5.2.1/armv7e-m/fpu/crtbegin.o
 *(.init)
 .init          0x08003e6c        0x4 c:/users/jean-francois/.p2/pool/plugins/fr.ac6.mcu.externaltools.arm-none.win32_1.7.0.201602121829/tools/compiler/bin/../lib/gcc/arm-none-eabi/5.2.1/armv7e-m/fpu/crti.o
                0x08003e6c                _init
 .init          0x08003e70        0x8 c:/users/jean-francois/.p2/pool/plugins/fr.ac6.mcu.externaltools.arm-none.win32_1.7.0.201602121829/tools/compiler/bin/../lib/gcc/arm-none-eabi/5.2.1/armv7e-m/fpu/crtn.o
 *(.fini)
 .fini          0x08003e78        0x4 c:/users/jean-francois/.p2/pool/plugins/fr.ac6.mcu.externaltools.arm-none.win32_1.7.0.201602121829/tools/compiler/bin/../lib/gcc/arm-none-eabi/5.2.1/armv7e-m/fpu/crti.o
                0x08003e78                _fini
 .fini          0x08003e7c        0x8 c:/users/jean-francois/.p2/pool/plugins/fr.ac6.mcu.externaltools.arm-none.win32_1.7.0.201602121829/tools/compiler/bin/../lib/gcc/arm-none-eabi/5.2.1/armv7e-m/fpu/crtn.o
                0x08003e84                . = ALIGN (0x4)
                0x08003e84                _etext = .

.vfp11_veneer   0x08003e84        0x0
 .vfp11_veneer  0x08003e84        0x0 linker stubs

.v4_bx          0x08003e84        0x0
 .v4_bx         0x08003e84        0x0 linker stubs

.iplt           0x08003e84        0x0
 .iplt          0x08003e84        0x0 c:/users/jean-francois/.p2/pool/plugins/fr.ac6.mcu.externaltools.arm-none.win32_1.7.0.201602121829/tools/compiler/bin/../lib/gcc/arm-none-eabi/5.2.1/armv7e-m/fpu/crtbegin.o

.rodata         0x08003e84       0x18
                0x08003e84                . = ALIGN (0x4)
 *(.rodata)
 .rodata        0x08003e84        0x8 Application/User/main.o
 .rodata        0x08003e8c       0x10 Drivers/STM32F4xx_HAL_Driver/stm32f4xx_hal_rcc.o
                0x08003e8c                APBAHBPrescTable
 *(.rodata*)
                0x08003e9c                . = ALIGN (0x4)

.rel.dyn        0x08003e9c        0x0
 .rel.iplt      0x08003e9c        0x0 c:/users/jean-francois/.p2/pool/plugins/fr.ac6.mcu.externaltools.arm-none.win32_1.7.0.201602121829/tools/compiler/bin/../lib/gcc/arm-none-eabi/5.2.1/armv7e-m/fpu/crtbegin.o

.ARM.extab
 *(.ARM.extab* .gnu.linkonce.armextab.*)

.ARM            0x08003e9c        0x0
                0x08003e9c                __exidx_start = .
 *(.ARM.exidx*)
                0x08003e9c                __exidx_end = .

.preinit_array  0x08003e9c        0x0
                0x08003e9c                PROVIDE (__preinit_array_start, .)
 *(.preinit_array*)
                0x08003e9c                PROVIDE (__preinit_array_end, .)

.init_array     0x08003e9c        0x4
                0x08003e9c                PROVIDE (__init_array_start, .)
 *(SORT(.init_array.*))
 *(.init_array*)
 .init_array    0x08003e9c        0x4 c:/users/jean-francois/.p2/pool/plugins/fr.ac6.mcu.externaltools.arm-none.win32_1.7.0.201602121829/tools/compiler/bin/../lib/gcc/arm-none-eabi/5.2.1/armv7e-m/fpu/crtbegin.o
                0x08003ea0                PROVIDE (__init_array_end, .)

.fini_array     0x08003ea0        0x4
                [!provide]                PROVIDE (__fini_array_start, .)
 *(SORT(.fini_array.*))
 *(.fini_array*)
 .fini_array    0x08003ea0        0x4 c:/users/jean-francois/.p2/pool/plugins/fr.ac6.mcu.externaltools.arm-none.win32_1.7.0.201602121829/tools/compiler/bin/../lib/gcc/arm-none-eabi/5.2.1/armv7e-m/fpu/crtbegin.o
                [!provide]                PROVIDE (__fini_array_end, .)
                0x08003ea4                _sidata = LOADADDR (.data)

.data           0x20000000        0x4 load address 0x08003ea4
                0x20000000                . = ALIGN (0x4)
                0x20000000                _sdata = .
 *(.data)
 .data          0x20000000        0x4 Drivers/CMSIS/system_stm32f4xx.o
                0x20000000                SystemCoreClock
 *(.data*)
                0x20000004                . = ALIGN (0x4)
                0x20000004                _edata = .

.jcr            0x20000004        0x0 load address 0x08003ea8
 .jcr           0x20000004        0x0 c:/users/jean-francois/.p2/pool/plugins/fr.ac6.mcu.externaltools.arm-none.win32_1.7.0.201602121829/tools/compiler/bin/../lib/gcc/arm-none-eabi/5.2.1/armv7e-m/fpu/crtbegin.o

.tm_clone_table
                0x20000004        0x0 load address 0x08003ea8
 .tm_clone_table
                0x20000004        0x0 c:/users/jean-francois/.p2/pool/plugins/fr.ac6.mcu.externaltools.arm-none.win32_1.7.0.201602121829/tools/compiler/bin/../lib/gcc/arm-none-eabi/5.2.1/armv7e-m/fpu/crtbegin.o
 .tm_clone_table
                0x20000004        0x0 c:/users/jean-francois/.p2/pool/plugins/fr.ac6.mcu.externaltools.arm-none.win32_1.7.0.201602121829/tools/compiler/bin/../lib/gcc/arm-none-eabi/5.2.1/armv7e-m/fpu/crtend.o

.igot.plt       0x20000004        0x0 load address 0x08003ea8
 .igot.plt      0x20000004        0x0 c:/users/jean-francois/.p2/pool/plugins/fr.ac6.mcu.externaltools.arm-none.win32_1.7.0.201602121829/tools/compiler/bin/../lib/gcc/arm-none-eabi/5.2.1/armv7e-m/fpu/crtbegin.o
                0x20000004                . = ALIGN (0x4)

.bss            0x20000004      0x100 load address 0x08003ea8
                0x20000004                _sbss = .
                0x20000004                __bss_start__ = _sbss
 *(.bss)
 .bss           0x20000004       0x1c c:/users/jean-francois/.p2/pool/plugins/fr.ac6.mcu.externaltools.arm-none.win32_1.7.0.201602121829/tools/compiler/bin/../lib/gcc/arm-none-eabi/5.2.1/armv7e-m/fpu/crtbegin.o
 .bss           0x20000020        0x1 Application/User/gpio.o
 *fill*         0x20000021        0x1 
 .bss           0x20000022        0x4 Application/User/tim.o
 .bss           0x20000026        0x1 Application/User/usart.o
 *fill*         0x20000027        0x1 
 .bss           0x20000028        0x4 Drivers/STM32F4xx_HAL_Driver/stm32f4xx_hal.o
 .bss           0x2000002c        0x2 lib/NRF24L01.o
 *(.bss*)
 *(COMMON)
 *fill*         0x2000002e        0x2 
 COMMON         0x20000030       0x58 Application/User/spi.o
                0x20000030                hspi3
 COMMON         0x20000088       0x3c Application/User/tim.o
                0x20000088                htim9
 COMMON         0x200000c4       0x40 Application/User/usart.o
                0x200000c4                huart2
                0x20000104                . = ALIGN (0x4)
                0x20000104                _ebss = .
                0x20000104                __bss_end__ = _ebss

._user_heap_stack
                0x20000104      0x604 load address 0x08003ea8
                0x20000108                . = ALIGN (0x8)
 *fill*         0x20000104        0x4 
                [!provide]                PROVIDE (end, .)
                [!provide]                PROVIDE (_end, .)
                0x20000308                . = (. + _Min_Heap_Size)
 *fill*         0x20000108      0x200 
                0x20000708                . = (. + _Min_Stack_Size)
 *fill*         0x20000308      0x400 
                0x20000708                . = ALIGN (0x8)

/DISCARD/
 libc.a(*)
 libm.a(*)
 libgcc.a(*)

.ARM.attributes
                0x00000000       0x30
 *(.ARM.attributes)
 .ARM.attributes
                0x00000000       0x22 c:/users/jean-francois/.p2/pool/plugins/fr.ac6.mcu.externaltools.arm-none.win32_1.7.0.201602121829/tools/compiler/bin/../lib/gcc/arm-none-eabi/5.2.1/armv7e-m/fpu/crti.o
 .ARM.attributes
                0x00000022       0x34 c:/users/jean-francois/.p2/pool/plugins/fr.ac6.mcu.externaltools.arm-none.win32_1.7.0.201602121829/tools/compiler/bin/../lib/gcc/arm-none-eabi/5.2.1/armv7e-m/fpu/crtbegin.o
 .ARM.attributes
                0x00000056       0x21 Application/SW4STM32/startup_stm32f411xe.o
 .ARM.attributes
                0x00000077       0x39 Application/User/gpio.o
 .ARM.attributes
                0x000000b0       0x39 Application/User/main.o
 .ARM.attributes
                0x000000e9       0x39 Application/User/spi.o
 .ARM.attributes
                0x00000122       0x39 Application/User/stm32f4xx_hal_msp.o
 .ARM.attributes
                0x0000015b       0x39 Application/User/stm32f4xx_it.o
 .ARM.attributes
                0x00000194       0x39 Application/User/tim.o
 .ARM.attributes
                0x000001cd       0x39 Application/User/usart.o
 .ARM.attributes
                0x00000206       0x39 Drivers/CMSIS/system_stm32f4xx.o
 .ARM.attributes
                0x0000023f       0x39 Drivers/STM32F4xx_HAL_Driver/stm32f4xx_hal.o
 .ARM.attributes
                0x00000278       0x39 Drivers/STM32F4xx_HAL_Driver/stm32f4xx_hal_cortex.o
 .ARM.attributes
                0x000002b1       0x39 Drivers/STM32F4xx_HAL_Driver/stm32f4xx_hal_gpio.o
 .ARM.attributes
                0x000002ea       0x39 Drivers/STM32F4xx_HAL_Driver/stm32f4xx_hal_rcc.o
 .ARM.attributes
                0x00000323       0x39 Drivers/STM32F4xx_HAL_Driver/stm32f4xx_hal_spi.o
 .ARM.attributes
                0x0000035c       0x39 Drivers/STM32F4xx_HAL_Driver/stm32f4xx_hal_tim.o
 .ARM.attributes
                0x00000395       0x39 Drivers/STM32F4xx_HAL_Driver/stm32f4xx_hal_tim_ex.o
 .ARM.attributes
                0x000003ce       0x39 Drivers/STM32F4xx_HAL_Driver/stm32f4xx_hal_uart.o
 .ARM.attributes
                0x00000407       0x39 lib/NRF24L01.o
 .ARM.attributes
                0x00000440       0x34 c:/users/jean-francois/.p2/pool/plugins/fr.ac6.mcu.externaltools.arm-none.win32_1.7.0.201602121829/tools/compiler/bin/../lib/gcc/arm-none-eabi/5.2.1/../../../../arm-none-eabi/lib/armv7e-m/fpu\libc_nano.a(lib_a-init.o)
 .ARM.attributes
                0x00000474       0x34 c:/users/jean-francois/.p2/pool/plugins/fr.ac6.mcu.externaltools.arm-none.win32_1.7.0.201602121829/tools/compiler/bin/../lib/gcc/arm-none-eabi/5.2.1/armv7e-m/fpu/crtend.o
 .ARM.attributes
                0x000004a8       0x22 c:/users/jean-francois/.p2/pool/plugins/fr.ac6.mcu.externaltools.arm-none.win32_1.7.0.201602121829/tools/compiler/bin/../lib/gcc/arm-none-eabi/5.2.1/armv7e-m/fpu/crtn.o
OUTPUT(Bridge Configuration.elf elf32-littlearm)

.debug_line     0x00000000     0xc076
 .debug_line    0x00000000       0xe4 Application/SW4STM32/startup_stm32f411xe.o
 .debug_line    0x000000e4      0x87b Application/User/gpio.o
 .debug_line    0x0000095f      0x909 Application/User/main.o
 .debug_line    0x00001268      0x86d Application/User/spi.o
 .debug_line    0x00001ad5      0x830 Application/User/stm32f4xx_hal_msp.o
 .debug_line    0x00002305      0x885 Application/User/stm32f4xx_it.o
 .debug_line    0x00002b8a      0x892 Application/User/tim.o
 .debug_line    0x0000341c      0x8a5 Application/User/usart.o
 .debug_line    0x00003cc1      0x88b Drivers/CMSIS/system_stm32f4xx.o
 .debug_line    0x0000454c      0x9e6 Drivers/STM32F4xx_HAL_Driver/stm32f4xx_hal.o
 .debug_line    0x00004f32      0xb16 Drivers/STM32F4xx_HAL_Driver/stm32f4xx_hal_cortex.o
 .debug_line    0x00005a48      0x9e5 Drivers/STM32F4xx_HAL_Driver/stm32f4xx_hal_gpio.o
 .debug_line    0x0000642d      0xb72 Drivers/STM32F4xx_HAL_Driver/stm32f4xx_hal_rcc.o
 .debug_line    0x00006f9f     0x1060 Drivers/STM32F4xx_HAL_Driver/stm32f4xx_hal_spi.o
 .debug_line    0x00007fff     0x17e4 Drivers/STM32F4xx_HAL_Driver/stm32f4xx_hal_tim.o
 .debug_line    0x000097e3      0xe01 Drivers/STM32F4xx_HAL_Driver/stm32f4xx_hal_tim_ex.o
 .debug_line    0x0000a5e4      0xedd Drivers/STM32F4xx_HAL_Driver/stm32f4xx_hal_uart.o
 .debug_line    0x0000b4c1      0xbb5 lib/NRF24L01.o

.debug_info     0x00000000     0xcc2b
 .debug_info    0x00000000      0x108 Application/SW4STM32/startup_stm32f411xe.o
 .debug_info    0x00000108      0x5fc Application/User/gpio.o
 .debug_info    0x00000704      0xffb Application/User/main.o
 .debug_info    0x000016ff      0x8ba Application/User/spi.o
 .debug_info    0x00001fb9      0x266 Application/User/stm32f4xx_hal_msp.o
 .debug_info    0x0000221f      0x7f1 Application/User/stm32f4xx_it.o
 .debug_info    0x00002a10      0xa2d Application/User/tim.o
 .debug_info    0x0000343d      0xa31 Application/User/usart.o
 .debug_info    0x00003e6e      0x4ab Drivers/CMSIS/system_stm32f4xx.o
 .debug_info    0x00004319      0x7b3 Drivers/STM32F4xx_HAL_Driver/stm32f4xx_hal.o
 .debug_info    0x00004acc      0xc7b Drivers/STM32F4xx_HAL_Driver/stm32f4xx_hal_cortex.o
 .debug_info    0x00005747      0x70f Drivers/STM32F4xx_HAL_Driver/stm32f4xx_hal_gpio.o
 .debug_info    0x00005e56      0xb28 Drivers/STM32F4xx_HAL_Driver/stm32f4xx_hal_rcc.o
 .debug_info    0x0000697e      0xf96 Drivers/STM32F4xx_HAL_Driver/stm32f4xx_hal_spi.o
 .debug_info    0x00007914     0x2190 Drivers/STM32F4xx_HAL_Driver/stm32f4xx_hal_tim.o
 .debug_info    0x00009aa4      0xf56 Drivers/STM32F4xx_HAL_Driver/stm32f4xx_hal_tim_ex.o
 .debug_info    0x0000a9fa      0xefd Drivers/STM32F4xx_HAL_Driver/stm32f4xx_hal_uart.o
 .debug_info    0x0000b8f7     0x1334 lib/NRF24L01.o

.debug_abbrev   0x00000000     0x1ed8
 .debug_abbrev  0x00000000       0x12 Application/SW4STM32/startup_stm32f411xe.o
 .debug_abbrev  0x00000012      0x17c Application/User/gpio.o
 .debug_abbrev  0x0000018e      0x190 Application/User/main.o
 .debug_abbrev  0x0000031e      0x178 Application/User/spi.o
 .debug_abbrev  0x00000496       0x8b Application/User/stm32f4xx_hal_msp.o
 .debug_abbrev  0x00000521      0x146 Application/User/stm32f4xx_it.o
 .debug_abbrev  0x00000667      0x1cf Application/User/tim.o
 .debug_abbrev  0x00000836      0x1c9 Application/User/usart.o
 .debug_abbrev  0x000009ff      0x104 Drivers/CMSIS/system_stm32f4xx.o
 .debug_abbrev  0x00000b03      0x227 Drivers/STM32F4xx_HAL_Driver/stm32f4xx_hal.o
 .debug_abbrev  0x00000d2a      0x2cc Drivers/STM32F4xx_HAL_Driver/stm32f4xx_hal_cortex.o
 .debug_abbrev  0x00000ff6      0x1af Drivers/STM32F4xx_HAL_Driver/stm32f4xx_hal_gpio.o
 .debug_abbrev  0x000011a5      0x299 Drivers/STM32F4xx_HAL_Driver/stm32f4xx_hal_rcc.o
 .debug_abbrev  0x0000143e      0x20f Drivers/STM32F4xx_HAL_Driver/stm32f4xx_hal_spi.o
 .debug_abbrev  0x0000164d      0x21a Drivers/STM32F4xx_HAL_Driver/stm32f4xx_hal_tim.o
 .debug_abbrev  0x00001867      0x211 Drivers/STM32F4xx_HAL_Driver/stm32f4xx_hal_tim_ex.o
 .debug_abbrev  0x00001a78      0x229 Drivers/STM32F4xx_HAL_Driver/stm32f4xx_hal_uart.o
 .debug_abbrev  0x00001ca1      0x237 lib/NRF24L01.o

.debug_aranges  0x00000000      0xd10
 .debug_aranges
                0x00000000       0x28 Application/SW4STM32/startup_stm32f411xe.o
 .debug_aranges
                0x00000028       0x38 Application/User/gpio.o
 .debug_aranges
                0x00000060       0x28 Application/User/main.o
 .debug_aranges
                0x00000088       0x30 Application/User/spi.o
 .debug_aranges
                0x000000b8       0x20 Application/User/stm32f4xx_hal_msp.o
 .debug_aranges
                0x000000d8       0x40 Application/User/stm32f4xx_it.o
 .debug_aranges
                0x00000118       0x48 Application/User/tim.o
 .debug_aranges
                0x00000160       0x48 Application/User/usart.o
 .debug_aranges
                0x000001a8       0x28 Drivers/CMSIS/system_stm32f4xx.o
 .debug_aranges
                0x000001d0       0xc0 Drivers/STM32F4xx_HAL_Driver/stm32f4xx_hal.o
 .debug_aranges
                0x00000290      0x108 Drivers/STM32F4xx_HAL_Driver/stm32f4xx_hal_cortex.o
 .debug_aranges
                0x00000398       0x58 Drivers/STM32F4xx_HAL_Driver/stm32f4xx_hal_gpio.o
 .debug_aranges
                0x000003f0       0x88 Drivers/STM32F4xx_HAL_Driver/stm32f4xx_hal_rcc.o
 .debug_aranges
                0x00000478      0x158 Drivers/STM32F4xx_HAL_Driver/stm32f4xx_hal_spi.o
 .debug_aranges
                0x000005d0      0x368 Drivers/STM32F4xx_HAL_Driver/stm32f4xx_hal_tim.o
 .debug_aranges
                0x00000938      0x140 Drivers/STM32F4xx_HAL_Driver/stm32f4xx_hal_tim_ex.o
 .debug_aranges
                0x00000a78      0x150 Drivers/STM32F4xx_HAL_Driver/stm32f4xx_hal_uart.o
 .debug_aranges
                0x00000bc8      0x148 lib/NRF24L01.o

.debug_ranges   0x00000000      0xbf8
 .debug_ranges  0x00000000       0x20 Application/SW4STM32/startup_stm32f411xe.o
 .debug_ranges  0x00000020       0x28 Application/User/gpio.o
 .debug_ranges  0x00000048       0x18 Application/User/main.o
 .debug_ranges  0x00000060       0x20 Application/User/spi.o
 .debug_ranges  0x00000080       0x10 Application/User/stm32f4xx_hal_msp.o
 .debug_ranges  0x00000090       0x30 Application/User/stm32f4xx_it.o
 .debug_ranges  0x000000c0       0x38 Application/User/tim.o
 .debug_ranges  0x000000f8       0x38 Application/User/usart.o
 .debug_ranges  0x00000130       0x18 Drivers/CMSIS/system_stm32f4xx.o
 .debug_ranges  0x00000148       0xb0 Drivers/STM32F4xx_HAL_Driver/stm32f4xx_hal.o
 .debug_ranges  0x000001f8       0xf8 Drivers/STM32F4xx_HAL_Driver/stm32f4xx_hal_cortex.o
 .debug_ranges  0x000002f0       0x48 Drivers/STM32F4xx_HAL_Driver/stm32f4xx_hal_gpio.o
 .debug_ranges  0x00000338       0x78 Drivers/STM32F4xx_HAL_Driver/stm32f4xx_hal_rcc.o
 .debug_ranges  0x000003b0      0x148 Drivers/STM32F4xx_HAL_Driver/stm32f4xx_hal_spi.o
 .debug_ranges  0x000004f8      0x358 Drivers/STM32F4xx_HAL_Driver/stm32f4xx_hal_tim.o
 .debug_ranges  0x00000850      0x130 Drivers/STM32F4xx_HAL_Driver/stm32f4xx_hal_tim_ex.o
 .debug_ranges  0x00000980      0x140 Drivers/STM32F4xx_HAL_Driver/stm32f4xx_hal_uart.o
 .debug_ranges  0x00000ac0      0x138 lib/NRF24L01.o

.debug_macro    0x00000000    0x10c46
 .debug_macro   0x00000000      0x2f2 Application/User/gpio.o
 .debug_macro   0x000002f2      0x898 Application/User/gpio.o
 .debug_macro   0x00000b8a       0x7c Application/User/gpio.o
 .debug_macro   0x00000c06      0x1a8 Application/User/gpio.o
 .debug_macro   0x00000dae       0x2e Application/User/gpio.o
 .debug_macro   0x00000ddc       0x28 Application/User/gpio.o
 .debug_macro   0x00000e04       0x22 Application/User/gpio.o
 .debug_macro   0x00000e26       0x44 Application/User/gpio.o
 .debug_macro   0x00000e6a       0xfd Application/User/gpio.o
 .debug_macro   0x00000f67       0x22 Application/User/gpio.o
 .debug_macro   0x00000f89      0x1df Application/User/gpio.o
 .debug_macro   0x00001168       0x35 Application/User/gpio.o
 .debug_macro   0x0000119d       0x50 Application/User/gpio.o
 .debug_macro   0x000011ed      0xe66 Application/User/gpio.o
 .debug_macro   0x00002053     0x5092 Application/User/gpio.o
 .debug_macro   0x000070e5       0x43 Application/User/gpio.o
 .debug_macro   0x00007128     0x32ff Application/User/gpio.o
 .debug_macro   0x0000a427       0x58 Application/User/gpio.o
 .debug_macro   0x0000a47f       0x35 Application/User/gpio.o
 .debug_macro   0x0000a4b4       0x9c Application/User/gpio.o
 .debug_macro   0x0000a550       0x16 Application/User/gpio.o
 .debug_macro   0x0000a566       0x97 Application/User/gpio.o
 .debug_macro   0x0000a5fd      0x329 Application/User/gpio.o
 .debug_macro   0x0000a926       0xfd Application/User/gpio.o
 .debug_macro   0x0000aa23       0x10 Application/User/gpio.o
 .debug_macro   0x0000aa33       0x52 Application/User/gpio.o
 .debug_macro   0x0000aa85       0x16 Application/User/gpio.o
 .debug_macro   0x0000aa9b       0x43 Application/User/gpio.o
 .debug_macro   0x0000aade      0x187 Application/User/gpio.o
 .debug_macro   0x0000ac65       0x10 Application/User/gpio.o
 .debug_macro   0x0000ac75       0x22 Application/User/gpio.o
 .debug_macro   0x0000ac97       0x3a Application/User/gpio.o
 .debug_macro   0x0000acd1       0x10 Application/User/gpio.o
 .debug_macro   0x0000ace1       0x40 Application/User/gpio.o
 .debug_macro   0x0000ad21       0x65 Application/User/gpio.o
 .debug_macro   0x0000ad86       0x16 Application/User/gpio.o
 .debug_macro   0x0000ad9c      0x197 Application/User/gpio.o
 .debug_macro   0x0000af33       0x50 Application/User/gpio.o
 .debug_macro   0x0000af83      0x440 Application/User/gpio.o
 .debug_macro   0x0000b3c3      0x9d4 Application/User/gpio.o
 .debug_macro   0x0000bd97      0x11e Application/User/gpio.o
 .debug_macro   0x0000beb5      0x11b Application/User/gpio.o
 .debug_macro   0x0000bfd0       0x27 Application/User/gpio.o
 .debug_macro   0x0000bff7      0x272 Application/User/gpio.o
 .debug_macro   0x0000c269       0x5f Application/User/gpio.o
 .debug_macro   0x0000c2c8      0x23a Application/User/gpio.o
 .debug_macro   0x0000c502      0x13a Application/User/gpio.o
 .debug_macro   0x0000c63c      0x264 Application/User/gpio.o
 .debug_macro   0x0000c8a0       0x2e Application/User/gpio.o
 .debug_macro   0x0000c8ce      0x11e Application/User/gpio.o
 .debug_macro   0x0000c9ec       0x85 Application/User/gpio.o
 .debug_macro   0x0000ca71       0x89 Application/User/gpio.o
 .debug_macro   0x0000cafa      0x202 Application/User/gpio.o
 .debug_macro   0x0000ccfc      0x6d9 Application/User/gpio.o
 .debug_macro   0x0000d3d5       0x59 Application/User/gpio.o
 .debug_macro   0x0000d42e      0x14d Application/User/gpio.o
 .debug_macro   0x0000d57b      0x287 Application/User/gpio.o
 .debug_macro   0x0000d802      0x11e Application/User/gpio.o
 .debug_macro   0x0000d920      0x319 Application/User/main.o
 .debug_macro   0x0000dc39      0x351 Application/User/main.o
 .debug_macro   0x0000df8a      0x2fc Application/User/spi.o
 .debug_macro   0x0000e286      0x2e8 Application/User/stm32f4xx_hal_msp.o
 .debug_macro   0x0000e56e      0x2f2 Application/User/stm32f4xx_it.o
 .debug_macro   0x0000e860      0x2f8 Application/User/tim.o
 .debug_macro   0x0000eb58      0x2fc Application/User/usart.o
 .debug_macro   0x0000ee54      0x2ee Drivers/CMSIS/system_stm32f4xx.o
 .debug_macro   0x0000f142      0x336 Drivers/STM32F4xx_HAL_Driver/stm32f4xx_hal.o
 .debug_macro   0x0000f478      0x2e8 Drivers/STM32F4xx_HAL_Driver/stm32f4xx_hal_cortex.o
 .debug_macro   0x0000f760      0x320 Drivers/STM32F4xx_HAL_Driver/stm32f4xx_hal_gpio.o
 .debug_macro   0x0000fa80      0x312 Drivers/STM32F4xx_HAL_Driver/stm32f4xx_hal_rcc.o
 .debug_macro   0x0000fd92      0x2ee Drivers/STM32F4xx_HAL_Driver/stm32f4xx_hal_spi.o
 .debug_macro   0x00010080      0x2e9 Drivers/STM32F4xx_HAL_Driver/stm32f4xx_hal_tim.o
 .debug_macro   0x00010369      0x2e8 Drivers/STM32F4xx_HAL_Driver/stm32f4xx_hal_tim_ex.o
 .debug_macro   0x00010651      0x2f0 Drivers/STM32F4xx_HAL_Driver/stm32f4xx_hal_uart.o
 .debug_macro   0x00010941      0x305 lib/NRF24L01.o

.debug_str      0x00000000    0x61c31
 .debug_str     0x00000000    0x5daeb Application/User/gpio.o
                              0x5ddc7 (size before relaxing)
 .debug_str     0x0005daeb      0xff0 Application/User/main.o
                              0x5edb3 (size before relaxing)
 .debug_str     0x0005eadb       0x77 Application/User/spi.o
                              0x5de91 (size before relaxing)
 .debug_str     0x0005eb52       0x5d Application/User/stm32f4xx_hal_msp.o
                              0x5dbee (size before relaxing)
 .debug_str     0x0005ebaf       0xc1 Application/User/stm32f4xx_it.o
                              0x5dee9 (size before relaxing)
 .debug_str     0x0005ec70      0x132 Application/User/tim.o
                              0x5e275 (size before relaxing)
 .debug_str     0x0005eda2       0xbd Application/User/usart.o
                              0x5e240 (size before relaxing)
 .debug_str     0x0005ee5f      0x134 Drivers/CMSIS/system_stm32f4xx.o
                              0x5da4b (size before relaxing)
 .debug_str     0x0005ef93      0x4ec Drivers/STM32F4xx_HAL_Driver/stm32f4xx_hal.o
                              0x5e263 (size before relaxing)
 .debug_str     0x0005f47f      0x39e Drivers/STM32F4xx_HAL_Driver/stm32f4xx_hal_cortex.o
                              0x5e120 (size before relaxing)
 .debug_str     0x0005f81d      0x296 Drivers/STM32F4xx_HAL_Driver/stm32f4xx_hal_gpio.o
                              0x5dc9a (size before relaxing)
 .debug_str     0x0005fab3      0x29c Drivers/STM32F4xx_HAL_Driver/stm32f4xx_hal_rcc.o
                              0x5de18 (size before relaxing)
 .debug_str     0x0005fd4f      0x3d7 Drivers/STM32F4xx_HAL_Driver/stm32f4xx_hal_spi.o
                              0x5e0fc (size before relaxing)
 .debug_str     0x00060126      0xc67 Drivers/STM32F4xx_HAL_Driver/stm32f4xx_hal_tim.o
                              0x5ea44 (size before relaxing)
 .debug_str     0x00060d8d      0x558 Drivers/STM32F4xx_HAL_Driver/stm32f4xx_hal_tim_ex.o
                              0x5e2f7 (size before relaxing)
 .debug_str     0x000612e5      0x378 Drivers/STM32F4xx_HAL_Driver/stm32f4xx_hal_uart.o
                              0x5e0c5 (size before relaxing)
 .debug_str     0x0006165d      0x5d4 lib/NRF24L01.o
                              0x5eae5 (size before relaxing)

.comment        0x00000000       0x6e
 .comment       0x00000000       0x6e Application/User/gpio.o
                                 0x6f (size before relaxing)
 .comment       0x0000006e       0x6f Application/User/main.o
 .comment       0x0000006e       0x6f Application/User/spi.o
 .comment       0x0000006e       0x6f Application/User/stm32f4xx_hal_msp.o
 .comment       0x0000006e       0x6f Application/User/stm32f4xx_it.o
 .comment       0x0000006e       0x6f Application/User/tim.o
 .comment       0x0000006e       0x6f Application/User/usart.o
 .comment       0x0000006e       0x6f Drivers/CMSIS/system_stm32f4xx.o
 .comment       0x0000006e       0x6f Drivers/STM32F4xx_HAL_Driver/stm32f4xx_hal.o
 .comment       0x0000006e       0x6f Drivers/STM32F4xx_HAL_Driver/stm32f4xx_hal_cortex.o
 .comment       0x0000006e       0x6f Drivers/STM32F4xx_HAL_Driver/stm32f4xx_hal_gpio.o
 .comment       0x0000006e       0x6f Drivers/STM32F4xx_HAL_Driver/stm32f4xx_hal_rcc.o
 .comment       0x0000006e       0x6f Drivers/STM32F4xx_HAL_Driver/stm32f4xx_hal_spi.o
 .comment       0x0000006e       0x6f Drivers/STM32F4xx_HAL_Driver/stm32f4xx_hal_tim.o
 .comment       0x0000006e       0x6f Drivers/STM32F4xx_HAL_Driver/stm32f4xx_hal_tim_ex.o
 .comment       0x0000006e       0x6f Drivers/STM32F4xx_HAL_Driver/stm32f4xx_hal_uart.o
 .comment       0x0000006e       0x6f lib/NRF24L01.o

.debug_frame    0x00000000     0x3590
 .debug_frame   0x00000000       0x9c Application/User/gpio.o
 .debug_frame   0x0000009c       0x54 Application/User/main.o
 .debug_frame   0x000000f0       0x74 Application/User/spi.o
 .debug_frame   0x00000164       0x2c Application/User/stm32f4xx_hal_msp.o
 .debug_frame   0x00000190       0x9c Application/User/stm32f4xx_it.o
 .debug_frame   0x0000022c       0xe4 Application/User/tim.o
 .debug_frame   0x00000310       0xdc Application/User/usart.o
 .debug_frame   0x000003ec       0x58 Drivers/CMSIS/system_stm32f4xx.o
 .debug_frame   0x00000444      0x2c0 Drivers/STM32F4xx_HAL_Driver/stm32f4xx_hal.o
 .debug_frame   0x00000704      0x450 Drivers/STM32F4xx_HAL_Driver/stm32f4xx_hal_cortex.o
 .debug_frame   0x00000b54      0x14c Drivers/STM32F4xx_HAL_Driver/stm32f4xx_hal_gpio.o
 .debug_frame   0x00000ca0      0x204 Drivers/STM32F4xx_HAL_Driver/stm32f4xx_hal_rcc.o
 .debug_frame   0x00000ea4      0x5f8 Drivers/STM32F4xx_HAL_Driver/stm32f4xx_hal_spi.o
 .debug_frame   0x0000149c      0xfb4 Drivers/STM32F4xx_HAL_Driver/stm32f4xx_hal_tim.o
 .debug_frame   0x00002450      0x574 Drivers/STM32F4xx_HAL_Driver/stm32f4xx_hal_tim_ex.o
 .debug_frame   0x000029c4      0x5e4 Drivers/STM32F4xx_HAL_Driver/stm32f4xx_hal_uart.o
 .debug_frame   0x00002fa8      0x5bc lib/NRF24L01.o
 .debug_frame   0x00003564       0x2c c:/users/jean-francois/.p2/pool/plugins/fr.ac6.mcu.externaltools.arm-none.win32_1.7.0.201602121829/tools/compiler/bin/../lib/gcc/arm-none-eabi/5.2.1/../../../../arm-none-eabi/lib/armv7e-m/fpu\libc_nano.a(lib_a-init.o)
