Archive member included because of file (symbol)

c:/users/christian/.p2/pool/plugins/fr.ac6.mcu.externaltools.arm-none.win32_1.3.0.201507241045/tools/compiler/bin/../lib/gcc/arm-none-eabi/4.9.3/../../../../arm-none-eabi/lib/armv7e-m/fpu\libc_nano.a(lib_a-exit.o)
                              c:/users/christian/.p2/pool/plugins/fr.ac6.mcu.externaltools.arm-none.win32_1.3.0.201507241045/tools/compiler/bin/../lib/gcc/arm-none-eabi/4.9.3/../../../../arm-none-eabi/lib/armv7e-m/fpu/crt0.o (exit)
c:/users/christian/.p2/pool/plugins/fr.ac6.mcu.externaltools.arm-none.win32_1.3.0.201507241045/tools/compiler/bin/../lib/gcc/arm-none-eabi/4.9.3/../../../../arm-none-eabi/lib/armv7e-m/fpu\libc_nano.a(lib_a-impure.o)
                              c:/users/christian/.p2/pool/plugins/fr.ac6.mcu.externaltools.arm-none.win32_1.3.0.201507241045/tools/compiler/bin/../lib/gcc/arm-none-eabi/4.9.3/../../../../arm-none-eabi/lib/armv7e-m/fpu\libc_nano.a(lib_a-exit.o) (_global_impure_ptr)
c:/users/christian/.p2/pool/plugins/fr.ac6.mcu.externaltools.arm-none.win32_1.3.0.201507241045/tools/compiler/bin/../lib/gcc/arm-none-eabi/4.9.3/../../../../arm-none-eabi/lib/armv7e-m/fpu\libc_nano.a(lib_a-init.o)
                              c:/users/christian/.p2/pool/plugins/fr.ac6.mcu.externaltools.arm-none.win32_1.3.0.201507241045/tools/compiler/bin/../lib/gcc/arm-none-eabi/4.9.3/../../../../arm-none-eabi/lib/armv7e-m/fpu/crt0.o (__libc_init_array)
c:/users/christian/.p2/pool/plugins/fr.ac6.mcu.externaltools.arm-none.win32_1.3.0.201507241045/tools/compiler/bin/../lib/gcc/arm-none-eabi/4.9.3/../../../../arm-none-eabi/lib/armv7e-m/fpu\libc_nano.a(lib_a-memset.o)
                              c:/users/christian/.p2/pool/plugins/fr.ac6.mcu.externaltools.arm-none.win32_1.3.0.201507241045/tools/compiler/bin/../lib/gcc/arm-none-eabi/4.9.3/../../../../arm-none-eabi/lib/armv7e-m/fpu/crt0.o (memset)
c:/users/christian/.p2/pool/plugins/fr.ac6.mcu.externaltools.arm-none.win32_1.3.0.201507241045/tools/compiler/bin/../lib/gcc/arm-none-eabi/4.9.3/../../../../arm-none-eabi/lib/armv7e-m/fpu\libnosys.a(_exit.o)
                              c:/users/christian/.p2/pool/plugins/fr.ac6.mcu.externaltools.arm-none.win32_1.3.0.201507241045/tools/compiler/bin/../lib/gcc/arm-none-eabi/4.9.3/../../../../arm-none-eabi/lib/armv7e-m/fpu\libc_nano.a(lib_a-exit.o) (_exit)

Allocating common symbols
Common symbol       size              file

pFlash              0x20              Drivers/STM32F4xx_HAL_Driver/stm32f4xx_hal_flash.o
hspi3               0x58              Application/User/spi.o
htim9               0x3c              Application/User/tim.o
huart2              0x40              Application/User/usart.o

Discarded input sections

 .text          0x00000000        0x0 c:/users/christian/.p2/pool/plugins/fr.ac6.mcu.externaltools.arm-none.win32_1.3.0.201507241045/tools/compiler/bin/../lib/gcc/arm-none-eabi/4.9.3/armv7e-m/fpu/crti.o
 .data          0x00000000        0x0 c:/users/christian/.p2/pool/plugins/fr.ac6.mcu.externaltools.arm-none.win32_1.3.0.201507241045/tools/compiler/bin/../lib/gcc/arm-none-eabi/4.9.3/armv7e-m/fpu/crti.o
 .bss           0x00000000        0x0 c:/users/christian/.p2/pool/plugins/fr.ac6.mcu.externaltools.arm-none.win32_1.3.0.201507241045/tools/compiler/bin/../lib/gcc/arm-none-eabi/4.9.3/armv7e-m/fpu/crti.o
 .data          0x00000000        0x4 c:/users/christian/.p2/pool/plugins/fr.ac6.mcu.externaltools.arm-none.win32_1.3.0.201507241045/tools/compiler/bin/../lib/gcc/arm-none-eabi/4.9.3/armv7e-m/fpu/crtbegin.o
 .text          0x00000000       0x74 c:/users/christian/.p2/pool/plugins/fr.ac6.mcu.externaltools.arm-none.win32_1.3.0.201507241045/tools/compiler/bin/../lib/gcc/arm-none-eabi/4.9.3/../../../../arm-none-eabi/lib/armv7e-m/fpu/crt0.o
 .data          0x00000000        0x0 c:/users/christian/.p2/pool/plugins/fr.ac6.mcu.externaltools.arm-none.win32_1.3.0.201507241045/tools/compiler/bin/../lib/gcc/arm-none-eabi/4.9.3/../../../../arm-none-eabi/lib/armv7e-m/fpu/crt0.o
 .bss           0x00000000        0x0 c:/users/christian/.p2/pool/plugins/fr.ac6.mcu.externaltools.arm-none.win32_1.3.0.201507241045/tools/compiler/bin/../lib/gcc/arm-none-eabi/4.9.3/../../../../arm-none-eabi/lib/armv7e-m/fpu/crt0.o
 .ARM.extab     0x00000000        0x0 c:/users/christian/.p2/pool/plugins/fr.ac6.mcu.externaltools.arm-none.win32_1.3.0.201507241045/tools/compiler/bin/../lib/gcc/arm-none-eabi/4.9.3/../../../../arm-none-eabi/lib/armv7e-m/fpu/crt0.o
 .ARM.exidx     0x00000000        0x8 c:/users/christian/.p2/pool/plugins/fr.ac6.mcu.externaltools.arm-none.win32_1.3.0.201507241045/tools/compiler/bin/../lib/gcc/arm-none-eabi/4.9.3/../../../../arm-none-eabi/lib/armv7e-m/fpu/crt0.o
 .ARM.attributes
                0x00000000       0x20 c:/users/christian/.p2/pool/plugins/fr.ac6.mcu.externaltools.arm-none.win32_1.3.0.201507241045/tools/compiler/bin/../lib/gcc/arm-none-eabi/4.9.3/../../../../arm-none-eabi/lib/armv7e-m/fpu/crt0.o
[...]
Memory Configuration

Name             Origin             Length             Attributes
FLASH            0x08000000         0x00080000         xr
RAM              0x20000000         0x00020000         xrw
*default*        0x00000000         0xffffffff

Linker script and memory map

LOAD c:/users/christian/.p2/pool/plugins/fr.ac6.mcu.externaltools.arm-none.win32_1.3.0.201507241045/tools/compiler/bin/../lib/gcc/arm-none-eabi/4.9.3/armv7e-m/fpu/crti.o
LOAD c:/users/christian/.p2/pool/plugins/fr.ac6.mcu.externaltools.arm-none.win32_1.3.0.201507241045/tools/compiler/bin/../lib/gcc/arm-none-eabi/4.9.3/armv7e-m/fpu/crtbegin.o
LOAD c:/users/christian/.p2/pool/plugins/fr.ac6.mcu.externaltools.arm-none.win32_1.3.0.201507241045/tools/compiler/bin/../lib/gcc/arm-none-eabi/4.9.3/../../../../arm-none-eabi/lib/armv7e-m/fpu/crt0.o
LOAD c:/users/christian/.p2/pool/plugins/fr.ac6.mcu.externaltools.arm-none.win32_1.3.0.201507241045/tools/compiler/bin/../lib/gcc/arm-none-eabi/4.9.3/../../../../arm-none-eabi/lib/armv7e-m/fpu\libm.a
LOAD Application/SW4STM32/startup_stm32f411xe.o
LOAD Application/User/gpio.o
LOAD Application/User/main.o
LOAD Application/User/spi.o
LOAD Application/User/stm32f4xx_hal_msp.o
LOAD Application/User/stm32f4xx_it.o
LOAD Application/User/tim.o
LOAD Application/User/usart.o
LOAD Drivers/CMSIS/system_stm32f4xx.o
LOAD Drivers/STM32F4xx_HAL_Driver/stm32f4xx_hal.o
LOAD Drivers/STM32F4xx_HAL_Driver/stm32f4xx_hal_cortex.o
LOAD Drivers/STM32F4xx_HAL_Driver/stm32f4xx_hal_dma.o
LOAD Drivers/STM32F4xx_HAL_Driver/stm32f4xx_hal_dma_ex.o
LOAD Drivers/STM32F4xx_HAL_Driver/stm32f4xx_hal_flash.o
LOAD Drivers/STM32F4xx_HAL_Driver/stm32f4xx_hal_flash_ex.o
LOAD Drivers/STM32F4xx_HAL_Driver/stm32f4xx_hal_flash_ramfunc.o
LOAD Drivers/STM32F4xx_HAL_Driver/stm32f4xx_hal_gpio.o
LOAD Drivers/STM32F4xx_HAL_Driver/stm32f4xx_hal_pwr.o
LOAD Drivers/STM32F4xx_HAL_Driver/stm32f4xx_hal_pwr_ex.o
LOAD Drivers/STM32F4xx_HAL_Driver/stm32f4xx_hal_rcc.o
LOAD Drivers/STM32F4xx_HAL_Driver/stm32f4xx_hal_rcc_ex.o
LOAD Drivers/STM32F4xx_HAL_Driver/stm32f4xx_hal_spi.o
LOAD Drivers/STM32F4xx_HAL_Driver/stm32f4xx_hal_tim.o
LOAD Drivers/STM32F4xx_HAL_Driver/stm32f4xx_hal_tim_ex.o
LOAD Drivers/STM32F4xx_HAL_Driver/stm32f4xx_hal_uart.o
LOAD lib/NRF24L01.o
START GROUP
LOAD c:/users/christian/.p2/pool/plugins/fr.ac6.mcu.externaltools.arm-none.win32_1.3.0.201507241045/tools/compiler/bin/../lib/gcc/arm-none-eabi/4.9.3/armv7e-m/fpu\libgcc.a
LOAD c:/users/christian/.p2/pool/plugins/fr.ac6.mcu.externaltools.arm-none.win32_1.3.0.201507241045/tools/compiler/bin/../lib/gcc/arm-none-eabi/4.9.3/../../../../arm-none-eabi/lib/armv7e-m/fpu\libc_nano.a
END GROUP
START GROUP
LOAD c:/users/christian/.p2/pool/plugins/fr.ac6.mcu.externaltools.arm-none.win32_1.3.0.201507241045/tools/compiler/bin/../lib/gcc/arm-none-eabi/4.9.3/armv7e-m/fpu\libgcc.a
LOAD c:/users/christian/.p2/pool/plugins/fr.ac6.mcu.externaltools.arm-none.win32_1.3.0.201507241045/tools/compiler/bin/../lib/gcc/arm-none-eabi/4.9.3/../../../../arm-none-eabi/lib/armv7e-m/fpu\libc_nano.a
LOAD c:/users/christian/.p2/pool/plugins/fr.ac6.mcu.externaltools.arm-none.win32_1.3.0.201507241045/tools/compiler/bin/../lib/gcc/arm-none-eabi/4.9.3/../../../../arm-none-eabi/lib/armv7e-m/fpu\libnosys.a
END GROUP
START GROUP
LOAD c:/users/christian/.p2/pool/plugins/fr.ac6.mcu.externaltools.arm-none.win32_1.3.0.201507241045/tools/compiler/bin/../lib/gcc/arm-none-eabi/4.9.3/armv7e-m/fpu\libgcc.a
LOAD c:/users/christian/.p2/pool/plugins/fr.ac6.mcu.externaltools.arm-none.win32_1.3.0.201507241045/tools/compiler/bin/../lib/gcc/arm-none-eabi/4.9.3/../../../../arm-none-eabi/lib/armv7e-m/fpu\libc_nano.a
LOAD c:/users/christian/.p2/pool/plugins/fr.ac6.mcu.externaltools.arm-none.win32_1.3.0.201507241045/tools/compiler/bin/../lib/gcc/arm-none-eabi/4.9.3/../../../../arm-none-eabi/lib/armv7e-m/fpu\libnosys.a
END GROUP
LOAD c:/users/christian/.p2/pool/plugins/fr.ac6.mcu.externaltools.arm-none.win32_1.3.0.201507241045/tools/compiler/bin/../lib/gcc/arm-none-eabi/4.9.3/armv7e-m/fpu/crtend.o
LOAD c:/users/christian/.p2/pool/plugins/fr.ac6.mcu.externaltools.arm-none.win32_1.3.0.201507241045/tools/compiler/bin/../lib/gcc/arm-none-eabi/4.9.3/armv7e-m/fpu/crtn.o
                0x20020000                _estack = 0x20020000
                0x00000200                _Min_Heap_Size = 0x200
                0x00000400                _Min_Stack_Size = 0x400

.isr_vector     0x08000000      0x198
                0x08000000                . = ALIGN (0x4)
 *(.isr_vector)
 .isr_vector    0x08000000      0x198 Application/SW4STM32/startup_stm32f411xe.o
                0x08000000                g_pfnVectors
                0x08000198                . = ALIGN (0x4)

.text           0x08000198     0x3ae4
                0x08000198                . = ALIGN (0x4)
 *(.text)
 .text          0x08000198       0x5c c:/users/christian/.p2/pool/plugins/fr.ac6.mcu.externaltools.arm-none.win32_1.3.0.201507241045/tools/compiler/bin/../lib/gcc/arm-none-eabi/4.9.3/armv7e-m/fpu/crtbegin.o
 *(.text*)
 .text.Reset_Handler
                0x080001f4       0x50 Application/SW4STM32/startup_stm32f411xe.o
                0x080001f4                Reset_Handler
 .text.Default_Handler
                0x08000244        0x2 Application/SW4STM32/startup_stm32f411xe.o
                0x08000244                RTC_Alarm_IRQHandler
                0x08000244                EXTI2_IRQHandler
                0x08000244                DebugMon_Handler
                0x08000244                SPI4_IRQHandler
                0x08000244                TIM1_CC_IRQHandler
                0x08000244                DMA2_Stream5_IRQHandler
                0x08000244                HardFault_Handler
                0x08000244                DMA1_Stream5_IRQHandler
                0x08000244                PVD_IRQHandler
                0x08000244                SDIO_IRQHandler
                0x08000244                TAMP_STAMP_IRQHandler
                0x08000244                PendSV_Handler
                0x08000244                NMI_Handler
                0x08000244                EXTI3_IRQHandler
                0x08000244                TIM1_UP_TIM10_IRQHandler
                0x08000244                I2C3_ER_IRQHandler
                0x08000244                EXTI0_IRQHandler
                0x08000244                I2C2_EV_IRQHandler
                0x08000244                DMA1_Stream2_IRQHandler
                0x08000244                FPU_IRQHandler
                0x08000244                UsageFault_Handler
                0x08000244                DMA2_Stream2_IRQHandler
                0x08000244                SPI1_IRQHandler
                0x08000244                DMA2_Stream3_IRQHandler
                0x08000244                USART6_IRQHandler
                0x08000244                DMA2_Stream0_IRQHandler
                0x08000244                TIM4_IRQHandler
                0x08000244                I2C1_EV_IRQHandler
                0x08000244                DMA1_Stream6_IRQHandler
                0x08000244                DMA1_Stream1_IRQHandler
                0x08000244                TIM3_IRQHandler
                0x08000244                RCC_IRQHandler
                0x08000244                Default_Handler
                0x08000244                ADC_IRQHandler
                0x08000244                DMA1_Stream7_IRQHandler
                0x08000244                SPI5_IRQHandler
                0x08000244                TIM5_IRQHandler
                0x08000244                DMA2_Stream7_IRQHandler
                0x08000244                I2C3_EV_IRQHandler
                0x08000244                RTC_WKUP_IRQHandler
                0x08000244                SPI2_IRQHandler
                0x08000244                MemManage_Handler
                0x08000244                DMA1_Stream0_IRQHandler
                0x08000244                SVC_Handler
                0x08000244                EXTI4_IRQHandler
                0x08000244                WWDG_IRQHandler
                0x08000244                TIM2_IRQHandler
                0x08000244                OTG_FS_WKUP_IRQHandler
                0x08000244                TIM1_TRG_COM_TIM11_IRQHandler
                0x08000244                EXTI1_IRQHandler
                0x08000244                I2C2_ER_IRQHandler
                0x08000244                DMA2_Stream1_IRQHandler
                0x08000244                FLASH_IRQHandler
                0x08000244                DMA2_Stream4_IRQHandler
                0x08000244                BusFault_Handler
                0x08000244                USART1_IRQHandler
                0x08000244                OTG_FS_IRQHandler
                0x08000244                SPI3_IRQHandler
                0x08000244                DMA1_Stream4_IRQHandler
                0x08000244                I2C1_ER_IRQHandler
                0x08000244                DMA2_Stream6_IRQHandler
                0x08000244                DMA1_Stream3_IRQHandler
 *fill*         0x08000246        0x2 
 .text.MX_GPIO_Init
                0x08000248      0x124 Application/User/gpio.o
                0x08000248                MX_GPIO_Init
 .text.HAL_GPIO_EXTI_Callback
                0x0800036c       0x20 Application/User/gpio.o
                0x0800036c                HAL_GPIO_EXTI_Callback
 .text.get_IRQ_flag
                0x0800038c       0x18 Application/User/gpio.o
                0x0800038c                get_IRQ_flag
 .text.clear_IRQ_flag
                0x080003a4       0x18 Application/User/gpio.o
                0x080003a4                clear_IRQ_flag
 .text.main     0x080003bc      0x18c Application/User/main.o
                0x080003bc                main
 .text.SystemClock_Config
                0x08000548       0xc8 Application/User/main.o
                0x08000548                SystemClock_Config
 .text.MX_SPI3_Init
                0x08000610       0x60 Application/User/spi.o
                0x08000610                MX_SPI3_Init
 .text.HAL_SPI_MspInit
                0x08000670       0x64 Application/User/spi.o
                0x08000670                HAL_SPI_MspInit
 .text.HAL_MspInit
                0x080006d4       0x18 Application/User/stm32f4xx_hal_msp.o
                0x080006d4                HAL_MspInit
 .text.SysTick_Handler
                0x080006ec       0x10 Application/User/stm32f4xx_it.o
                0x080006ec                SysTick_Handler
 .text.EXTI9_5_IRQHandler
                0x080006fc        0xc Application/User/stm32f4xx_it.o
                0x080006fc                EXTI9_5_IRQHandler
 .text.TIM1_BRK_TIM9_IRQHandler
                0x08000708       0x10 Application/User/stm32f4xx_it.o
                0x08000708                TIM1_BRK_TIM9_IRQHandler
 .text.USART2_IRQHandler
                0x08000718       0x10 Application/User/stm32f4xx_it.o
                0x08000718                USART2_IRQHandler
 .text.EXTI15_10_IRQHandler
                0x08000728       0x10 Application/User/stm32f4xx_it.o
                0x08000728                EXTI15_10_IRQHandler
 .text.MX_TIM9_Init
                0x08000738       0x4c Application/User/tim.o
                0x08000738                MX_TIM9_Init
 .text.HAL_TIM_Base_MspInit
                0x08000784       0x4c Application/User/tim.o
                0x08000784                HAL_TIM_Base_MspInit
 .text.HAL_TIM_PeriodElapsedCallback
                0x080007d0       0x3c Application/User/tim.o
                0x080007d0                HAL_TIM_PeriodElapsedCallback
 .text.get_tim9_flag
                0x0800080c       0x18 Application/User/tim.o
                0x0800080c                get_tim9_flag
 .text.clear_tim9_flag
                0x08000824       0x18 Application/User/tim.o
                0x08000824                clear_tim9_flag
 .text.MX_USART2_UART_Init
                0x0800083c       0x48 Application/User/usart.o
                0x0800083c                MX_USART2_UART_Init
 .text.HAL_UART_MspInit
                0x08000884       0x70 Application/User/usart.o
                0x08000884                HAL_UART_MspInit
 .text.HAL_UART_RxCpltCallback
                0x080008f4       0x1c Application/User/usart.o
                0x080008f4                HAL_UART_RxCpltCallback
 .text.get_huart2_flag
                0x08000910       0x18 Application/User/usart.o
                0x08000910                get_huart2_flag
 .text.clear_huart2_flag
                0x08000928       0x18 Application/User/usart.o
                0x08000928                clear_huart2_flag
 .text.SystemInit
                0x08000940       0x6c Drivers/CMSIS/system_stm32f4xx.o
                0x08000940                SystemInit
 .text.HAL_Init
                0x080009ac       0x44 Drivers/STM32F4xx_HAL_Driver/stm32f4xx_hal.o
                0x080009ac                HAL_Init
 .text.HAL_InitTick
                0x080009f0       0x38 Drivers/STM32F4xx_HAL_Driver/stm32f4xx_hal.o
                0x080009f0                HAL_InitTick
 .text.HAL_IncTick
                0x08000a28       0x1c Drivers/STM32F4xx_HAL_Driver/stm32f4xx_hal.o
                0x08000a28                HAL_IncTick
 .text.HAL_GetTick
                0x08000a44       0x18 Drivers/STM32F4xx_HAL_Driver/stm32f4xx_hal.o
                0x08000a44                HAL_GetTick
 .text.HAL_Delay
                0x08000a5c       0x2c Drivers/STM32F4xx_HAL_Driver/stm32f4xx_hal.o
                0x08000a5c                HAL_Delay
 .text.NVIC_SetPriorityGrouping
                0x08000a88       0x48 Drivers/STM32F4xx_HAL_Driver/stm32f4xx_hal_cortex.o
 .text.NVIC_GetPriorityGrouping
                0x08000ad0       0x1c Drivers/STM32F4xx_HAL_Driver/stm32f4xx_hal_cortex.o
 .text.NVIC_EnableIRQ
                0x08000aec       0x30 Drivers/STM32F4xx_HAL_Driver/stm32f4xx_hal_cortex.o
 .text.NVIC_SetPriority
                0x08000b1c       0x54 Drivers/STM32F4xx_HAL_Driver/stm32f4xx_hal_cortex.o
 .text.NVIC_EncodePriority
                0x08000b70       0x64 Drivers/STM32F4xx_HAL_Driver/stm32f4xx_hal_cortex.o
 .text.SysTick_Config
                0x08000bd4       0x44 Drivers/STM32F4xx_HAL_Driver/stm32f4xx_hal_cortex.o
 .text.HAL_NVIC_SetPriorityGrouping
                0x08000c18       0x14 Drivers/STM32F4xx_HAL_Driver/stm32f4xx_hal_cortex.o
                0x08000c18                HAL_NVIC_SetPriorityGrouping
 .text.HAL_NVIC_SetPriority
                0x08000c2c       0x38 Drivers/STM32F4xx_HAL_Driver/stm32f4xx_hal_cortex.o
                0x08000c2c                HAL_NVIC_SetPriority
 .text.HAL_NVIC_EnableIRQ
                0x08000c64       0x1c Drivers/STM32F4xx_HAL_Driver/stm32f4xx_hal_cortex.o
                0x08000c64                HAL_NVIC_EnableIRQ
 .text.HAL_SYSTICK_Config
                0x08000c80       0x18 Drivers/STM32F4xx_HAL_Driver/stm32f4xx_hal_cortex.o
                0x08000c80                HAL_SYSTICK_Config
 .text.HAL_SYSTICK_CLKSourceConfig
                0x08000c98       0x38 Drivers/STM32F4xx_HAL_Driver/stm32f4xx_hal_cortex.o
                0x08000c98                HAL_SYSTICK_CLKSourceConfig
 .text.HAL_SYSTICK_IRQHandler
                0x08000cd0        0xc Drivers/STM32F4xx_HAL_Driver/stm32f4xx_hal_cortex.o
                0x08000cd0                HAL_SYSTICK_IRQHandler
 .text.HAL_SYSTICK_Callback
                0x08000cdc        0xc Drivers/STM32F4xx_HAL_Driver/stm32f4xx_hal_cortex.o
                0x08000cdc                HAL_SYSTICK_Callback
 .text.HAL_GPIO_Init
                0x08000ce8      0x2fc Drivers/STM32F4xx_HAL_Driver/stm32f4xx_hal_gpio.o
                0x08000ce8                HAL_GPIO_Init
 .text.HAL_GPIO_WritePin
                0x08000fe4       0x30 Drivers/STM32F4xx_HAL_Driver/stm32f4xx_hal_gpio.o
                0x08000fe4                HAL_GPIO_WritePin
 .text.HAL_GPIO_TogglePin
                0x08001014       0x24 Drivers/STM32F4xx_HAL_Driver/stm32f4xx_hal_gpio.o
                0x08001014                HAL_GPIO_TogglePin
 .text.HAL_GPIO_EXTI_IRQHandler
                0x08001038       0x30 Drivers/STM32F4xx_HAL_Driver/stm32f4xx_hal_gpio.o
                0x08001038                HAL_GPIO_EXTI_IRQHandler
 .text.HAL_RCC_OscConfig
                0x08001068      0x484 Drivers/STM32F4xx_HAL_Driver/stm32f4xx_hal_rcc.o
                0x08001068                HAL_RCC_OscConfig
 .text.HAL_RCC_ClockConfig
                0x080014ec      0x31c Drivers/STM32F4xx_HAL_Driver/stm32f4xx_hal_rcc.o
                0x080014ec                HAL_RCC_ClockConfig
 .text.HAL_RCC_GetSysClockFreq
                0x08001808       0xfc Drivers/STM32F4xx_HAL_Driver/stm32f4xx_hal_rcc.o
                0x08001808                HAL_RCC_GetSysClockFreq
 .text.HAL_RCC_GetHCLKFreq
                0x08001904       0x50 Drivers/STM32F4xx_HAL_Driver/stm32f4xx_hal_rcc.o
                0x08001904                HAL_RCC_GetHCLKFreq
 .text.HAL_RCC_GetPCLK1Freq
                0x08001954       0x44 Drivers/STM32F4xx_HAL_Driver/stm32f4xx_hal_rcc.o
                0x08001954                HAL_RCC_GetPCLK1Freq
 .text.HAL_RCC_GetPCLK2Freq
                0x08001998       0x44 Drivers/STM32F4xx_HAL_Driver/stm32f4xx_hal_rcc.o
                0x08001998                HAL_RCC_GetPCLK2Freq
 .text.HAL_SPI_Init
                0x080019dc       0xcc Drivers/STM32F4xx_HAL_Driver/stm32f4xx_hal_spi.o
                0x080019dc                HAL_SPI_Init
 .text.HAL_SPI_TransmitReceive
                0x08001aa8      0x4b8 Drivers/STM32F4xx_HAL_Driver/stm32f4xx_hal_spi.o
                0x08001aa8                HAL_SPI_TransmitReceive
 .text.SPI_WaitOnFlagUntilTimeout
                0x08001f60      0x148 Drivers/STM32F4xx_HAL_Driver/stm32f4xx_hal_spi.o
 .text.HAL_TIM_Base_Init
                0x080020a8       0x58 Drivers/STM32F4xx_HAL_Driver/stm32f4xx_hal_tim.o
                0x080020a8                HAL_TIM_Base_Init
 .text.HAL_TIM_Base_Start_IT
                0x08002100       0x38 Drivers/STM32F4xx_HAL_Driver/stm32f4xx_hal_tim.o
                0x08002100                HAL_TIM_Base_Start_IT
 .text.HAL_TIM_IRQHandler
                0x08002138      0x210 Drivers/STM32F4xx_HAL_Driver/stm32f4xx_hal_tim.o
                0x08002138                HAL_TIM_IRQHandler
 .text.HAL_TIM_ConfigClockSource
                0x08002348      0x1c4 Drivers/STM32F4xx_HAL_Driver/stm32f4xx_hal_tim.o
                0x08002348                HAL_TIM_ConfigClockSource
 .text.HAL_TIM_OC_DelayElapsedCallback
                0x0800250c       0x14 Drivers/STM32F4xx_HAL_Driver/stm32f4xx_hal_tim.o
                0x0800250c                HAL_TIM_OC_DelayElapsedCallback
 .text.HAL_TIM_IC_CaptureCallback
                0x08002520       0x14 Drivers/STM32F4xx_HAL_Driver/stm32f4xx_hal_tim.o
                0x08002520                HAL_TIM_IC_CaptureCallback
 .text.HAL_TIM_PWM_PulseFinishedCallback
                0x08002534       0x14 Drivers/STM32F4xx_HAL_Driver/stm32f4xx_hal_tim.o
                0x08002534                HAL_TIM_PWM_PulseFinishedCallback
 .text.HAL_TIM_TriggerCallback
                0x08002548       0x14 Drivers/STM32F4xx_HAL_Driver/stm32f4xx_hal_tim.o
                0x08002548                HAL_TIM_TriggerCallback
 .text.TIM_Base_SetConfig
                0x0800255c      0x108 Drivers/STM32F4xx_HAL_Driver/stm32f4xx_hal_tim.o
                0x0800255c                TIM_Base_SetConfig
 .text.TIM_TI1_ConfigInputStage
                0x08002664       0x64 Drivers/STM32F4xx_HAL_Driver/stm32f4xx_hal_tim.o
 .text.TIM_TI2_ConfigInputStage
                0x080026c8       0x68 Drivers/STM32F4xx_HAL_Driver/stm32f4xx_hal_tim.o
 .text.TIM_ITRx_SetConfig
                0x08002730       0x40 Drivers/STM32F4xx_HAL_Driver/stm32f4xx_hal_tim.o
 .text.TIM_ETR_SetConfig
                0x08002770       0x44 Drivers/STM32F4xx_HAL_Driver/stm32f4xx_hal_tim.o
 .text.HAL_TIMEx_CommutationCallback
                0x080027b4       0x14 Drivers/STM32F4xx_HAL_Driver/stm32f4xx_hal_tim_ex.o
                0x080027b4                HAL_TIMEx_CommutationCallback
 .text.HAL_TIMEx_BreakCallback
                0x080027c8       0x14 Drivers/STM32F4xx_HAL_Driver/stm32f4xx_hal_tim_ex.o
                0x080027c8                HAL_TIMEx_BreakCallback
 .text.HAL_UART_Init
                0x080027dc       0x94 Drivers/STM32F4xx_HAL_Driver/stm32f4xx_hal_uart.o
                0x080027dc                HAL_UART_Init
 .text.HAL_UART_Transmit_IT
                0x08002870       0xb0 Drivers/STM32F4xx_HAL_Driver/stm32f4xx_hal_uart.o
                0x08002870                HAL_UART_Transmit_IT
 .text.HAL_UART_Receive_IT
                0x08002920       0xd0 Drivers/STM32F4xx_HAL_Driver/stm32f4xx_hal_uart.o
                0x08002920                HAL_UART_Receive_IT
 .text.HAL_UART_IRQHandler
                0x080029f0      0x208 Drivers/STM32F4xx_HAL_Driver/stm32f4xx_hal_uart.o
                0x080029f0                HAL_UART_IRQHandler
 .text.HAL_UART_TxCpltCallback
                0x08002bf8       0x14 Drivers/STM32F4xx_HAL_Driver/stm32f4xx_hal_uart.o
                0x08002bf8                HAL_UART_TxCpltCallback
 .text.HAL_UART_ErrorCallback
                0x08002c0c       0x14 Drivers/STM32F4xx_HAL_Driver/stm32f4xx_hal_uart.o
                0x08002c0c                HAL_UART_ErrorCallback
 .text.UART_Transmit_IT
                0x08002c20       0xb8 Drivers/STM32F4xx_HAL_Driver/stm32f4xx_hal_uart.o
 .text.UART_EndTransmit_IT
                0x08002cd8       0x48 Drivers/STM32F4xx_HAL_Driver/stm32f4xx_hal_uart.o
 .text.UART_Receive_IT
                0x08002d20      0x128 Drivers/STM32F4xx_HAL_Driver/stm32f4xx_hal_uart.o
 .text.UART_SetConfig
                0x08002e48      0x2d4 Drivers/STM32F4xx_HAL_Driver/stm32f4xx_hal_uart.o
 .text.NRF24L01_Set_CSN
                0x0800311c       0x14 lib/NRF24L01.o
                0x0800311c                NRF24L01_Set_CSN
 .text.NRF24L01_Reset_CSN
                0x08003130       0x14 lib/NRF24L01.o
                0x08003130                NRF24L01_Reset_CSN
 .text.NRF24L01_Read_Status
                0x08003144       0x40 lib/NRF24L01.o
                0x08003144                NRF24L01_Read_Status
 .text.NRF24l01_Write_Register
                0x08003184       0xf4 lib/NRF24L01.o
                0x08003184                NRF24l01_Write_Register
 .text.NRF24L01_Enable_AA
                0x08003278       0x64 lib/NRF24L01.o
                0x08003278                NRF24L01_Enable_AA
 .text.NRF24L01_Enable_RXADDR
                0x080032dc       0x64 lib/NRF24L01.o
                0x080032dc                NRF24L01_Enable_RXADDR
 .text.NRF24L01_Setup_Adress_Width
                0x08003340       0x38 lib/NRF24L01.o
                0x08003340                NRF24L01_Setup_Adress_Width
 .text.NRF24L01_Setup_Retransmission
                0x08003378       0x30 lib/NRF24L01.o
                0x08003378                NRF24L01_Setup_Retransmission
 .text.NRF24L01_RF_Channel
                0x080033a8       0x28 lib/NRF24L01.o
                0x080033a8                NRF24L01_RF_Channel
 .text.NRF24L01_RF_Setup
                0x080033d0       0x7c lib/NRF24L01.o
                0x080033d0                NRF24L01_RF_Setup
 .text.NRF24L01_Dynamic_Payload
                0x0800344c       0x64 lib/NRF24L01.o
                0x0800344c                NRF24L01_Dynamic_Payload
 .text.NRF24L01_Feature
                0x080034b0       0x44 lib/NRF24L01.o
                0x080034b0                NRF24L01_Feature
 .text.NRF24L01_Config
                0x080034f4       0x94 lib/NRF24L01.o
                0x080034f4                NRF24L01_Config
 .text.NRF24L01_Power_Control
                0x08003588       0x40 lib/NRF24L01.o
                0x08003588                NRF24L01_Power_Control
 .text.NRF24L01_Write_RX_Address
                0x080035c8      0x1d8 lib/NRF24L01.o
                0x080035c8                NRF24L01_Write_RX_Address
 .text.NRF24L01_Write_TX_Address
                0x080037a0      0x138 lib/NRF24L01.o
                0x080037a0                NRF24L01_Write_TX_Address
 .text.NRF24L01_Write_Payload_Width
                0x080038d8       0x74 lib/NRF24L01.o
                0x080038d8                NRF24L01_Write_Payload_Width
 .text.NRF24L01_Write_TX_Payload
                0x0800394c       0xa8 lib/NRF24L01.o
                0x0800394c                NRF24L01_Write_TX_Payload
 .text.NRF24L01_Flush
                0x080039f4       0x58 lib/NRF24L01.o
                0x080039f4                NRF24L01_Flush
 .text.NRF24L01_Activation_Control
                0x08003a4c       0x3c lib/NRF24L01.o
                0x08003a4c                NRF24L01_Activation_Control
 .text.NRF24L01_Transmit
                0x08003a88       0x54 lib/NRF24L01.o
                0x08003a88                NRF24L01_Transmit
 .text.NRF24L01_Clear_TX_DS
                0x08003adc       0x24 lib/NRF24L01.o
                0x08003adc                NRF24L01_Clear_TX_DS
 .text.NRF24L01_Clear_MAX_RT
                0x08003b00       0x24 lib/NRF24L01.o
                0x08003b00                NRF24L01_Clear_MAX_RT
 .text.NRF24l01_Initialization
                0x08003b24       0xf4 lib/NRF24L01.o
                0x08003b24                NRF24l01_Initialization
 .text.__libc_init_array
                0x08003c18       0x4c c:/users/christian/.p2/pool/plugins/fr.ac6.mcu.externaltools.arm-none.win32_1.3.0.201507241045/tools/compiler/bin/../lib/gcc/arm-none-eabi/4.9.3/../../../../arm-none-eabi/lib/armv7e-m/fpu\libc_nano.a(lib_a-init.o)
                0x08003c18                __libc_init_array
 *(.glue_7)
 .glue_7        0x00000000        0x0 linker stubs
 *(.glue_7t)
 .glue_7t       0x00000000        0x0 linker stubs
 *(.eh_frame)
 .eh_frame      0x08003c64        0x0 c:/users/christian/.p2/pool/plugins/fr.ac6.mcu.externaltools.arm-none.win32_1.3.0.201507241045/tools/compiler/bin/../lib/gcc/arm-none-eabi/4.9.3/armv7e-m/fpu/crtbegin.o
 *(.init)
 .init          0x08003c64        0x4 c:/users/christian/.p2/pool/plugins/fr.ac6.mcu.externaltools.arm-none.win32_1.3.0.201507241045/tools/compiler/bin/../lib/gcc/arm-none-eabi/4.9.3/armv7e-m/fpu/crti.o
                0x08003c64                _init
 .init          0x08003c68        0x8 c:/users/christian/.p2/pool/plugins/fr.ac6.mcu.externaltools.arm-none.win32_1.3.0.201507241045/tools/compiler/bin/../lib/gcc/arm-none-eabi/4.9.3/armv7e-m/fpu/crtn.o
 *(.fini)
 .fini          0x08003c70        0x4 c:/users/christian/.p2/pool/plugins/fr.ac6.mcu.externaltools.arm-none.win32_1.3.0.201507241045/tools/compiler/bin/../lib/gcc/arm-none-eabi/4.9.3/armv7e-m/fpu/crti.o
                0x08003c70                _fini
 .fini          0x08003c74        0x8 c:/users/christian/.p2/pool/plugins/fr.ac6.mcu.externaltools.arm-none.win32_1.3.0.201507241045/tools/compiler/bin/../lib/gcc/arm-none-eabi/4.9.3/armv7e-m/fpu/crtn.o
                0x08003c7c                . = ALIGN (0x4)
                0x08003c7c                _etext = .

.vfp11_veneer   0x08003c7c        0x0
 .vfp11_veneer  0x00000000        0x0 linker stubs

.v4_bx          0x08003c7c        0x0
 .v4_bx         0x00000000        0x0 linker stubs

.iplt           0x08003c7c        0x0
 .iplt          0x00000000        0x0 c:/users/christian/.p2/pool/plugins/fr.ac6.mcu.externaltools.arm-none.win32_1.3.0.201507241045/tools/compiler/bin/../lib/gcc/arm-none-eabi/4.9.3/armv7e-m/fpu/crtbegin.o

.rodata         0x08003c7c       0x18
                0x08003c7c                . = ALIGN (0x4)
 *(.rodata)
 .rodata        0x08003c7c        0x8 Application/User/main.o
 .rodata        0x08003c84       0x10 Drivers/STM32F4xx_HAL_Driver/stm32f4xx_hal_rcc.o
                0x08003c84                APBAHBPrescTable
 *(.rodata*)
                0x08003c94                . = ALIGN (0x4)

.rel.dyn        0x08003c94        0x0
 .rel.iplt      0x00000000        0x0 c:/users/christian/.p2/pool/plugins/fr.ac6.mcu.externaltools.arm-none.win32_1.3.0.201507241045/tools/compiler/bin/../lib/gcc/arm-none-eabi/4.9.3/armv7e-m/fpu/crtbegin.o

.ARM.extab
 *(.ARM.extab* .gnu.linkonce.armextab.*)

.ARM            0x08003c94        0x0
                0x08003c94                __exidx_start = .
 *(.ARM.exidx*)
                0x08003c94                __exidx_end = .

.preinit_array  0x08003c94        0x0
                0x08003c94                PROVIDE (__preinit_array_start, .)
 *(.preinit_array*)
                0x08003c94                PROVIDE (__preinit_array_end, .)

.init_array     0x08003c94        0x4
                0x08003c94                PROVIDE (__init_array_start, .)
 *(SORT(.init_array.*))
 *(.init_array*)
 .init_array    0x08003c94        0x4 c:/users/christian/.p2/pool/plugins/fr.ac6.mcu.externaltools.arm-none.win32_1.3.0.201507241045/tools/compiler/bin/../lib/gcc/arm-none-eabi/4.9.3/armv7e-m/fpu/crtbegin.o
                0x08003c98                PROVIDE (__init_array_end, .)

.fini_array     0x08003c98        0x4
                0x08003c98                PROVIDE (__fini_array_start, .)
 *(SORT(.fini_array.*))
 *(.fini_array*)
 .fini_array    0x08003c98        0x4 c:/users/christian/.p2/pool/plugins/fr.ac6.mcu.externaltools.arm-none.win32_1.3.0.201507241045/tools/compiler/bin/../lib/gcc/arm-none-eabi/4.9.3/armv7e-m/fpu/crtbegin.o
                0x08003c9c                PROVIDE (__fini_array_end, .)
                0x08003c9c                _sidata = LOADADDR (.data)

.data           0x20000000        0x4 load address 0x08003c9c
                0x20000000                . = ALIGN (0x4)
                0x20000000                _sdata = .
 *(.data)
 .data          0x20000000        0x4 Drivers/CMSIS/system_stm32f4xx.o
                0x20000000                SystemCoreClock
 *(.data*)
                0x20000004                . = ALIGN (0x4)
                0x20000004                _edata = .

.jcr            0x20000004        0x0 load address 0x08003ca0
 .jcr           0x20000004        0x0 c:/users/christian/.p2/pool/plugins/fr.ac6.mcu.externaltools.arm-none.win32_1.3.0.201507241045/tools/compiler/bin/../lib/gcc/arm-none-eabi/4.9.3/armv7e-m/fpu/crtbegin.o

.igot.plt       0x20000004        0x0 load address 0x08003ca0
 .igot.plt      0x00000000        0x0 c:/users/christian/.p2/pool/plugins/fr.ac6.mcu.externaltools.arm-none.win32_1.3.0.201507241045/tools/compiler/bin/../lib/gcc/arm-none-eabi/4.9.3/armv7e-m/fpu/crtbegin.o
                0x20000004                . = ALIGN (0x4)

.bss            0x20000004      0x100 load address 0x08003ca0
                0x20000004                _sbss = .
                0x20000004                __bss_start__ = _sbss
 *(.bss)
 .bss           0x20000004       0x1c c:/users/christian/.p2/pool/plugins/fr.ac6.mcu.externaltools.arm-none.win32_1.3.0.201507241045/tools/compiler/bin/../lib/gcc/arm-none-eabi/4.9.3/armv7e-m/fpu/crtbegin.o
 .bss           0x20000020        0x1 Application/User/gpio.o
 *fill*         0x20000021        0x1 
 .bss           0x20000022        0x4 Application/User/tim.o
 .bss           0x20000026        0x1 Application/User/usart.o
 *fill*         0x20000027        0x1 
 .bss           0x20000028        0x4 Drivers/STM32F4xx_HAL_Driver/stm32f4xx_hal.o
 .bss           0x2000002c        0x2 lib/NRF24L01.o
 *(.bss*)
 *(COMMON)
 *fill*         0x2000002e        0x2 
 COMMON         0x20000030       0x58 Application/User/spi.o
                0x20000030                hspi3
 COMMON         0x20000088       0x3c Application/User/tim.o
                0x20000088                htim9
 COMMON         0x200000c4       0x40 Application/User/usart.o
                0x200000c4                huart2
                0x20000104                . = ALIGN (0x4)
                0x20000104                _ebss = .
                0x20000104                __bss_end__ = _ebss

._user_heap_stack
                0x20000104      0x604 load address 0x08003ca0
                0x20000108                . = ALIGN (0x8)
 *fill*         0x20000104        0x4 
                0x20000108                PROVIDE (end, .)
                0x20000108                PROVIDE (_end, .)
                0x20000308                . = (. + _Min_Heap_Size)
 *fill*         0x20000108      0x200 
                0x20000708                . = (. + _Min_Stack_Size)
 *fill*         0x20000308      0x400 
                0x20000708                . = ALIGN (0x8)

/DISCARD/
 libc.a(*)
 libm.a(*)
 libgcc.a(*)

.ARM.attributes
                0x00000000       0x30
 *(.ARM.attributes)
 .ARM.attributes
                0x00000000       0x22 c:/users/christian/.p2/pool/plugins/fr.ac6.mcu.externaltools.arm-none.win32_1.3.0.201507241045/tools/compiler/bin/../lib/gcc/arm-none-eabi/4.9.3/armv7e-m/fpu/crti.o
 .ARM.attributes
                0x00000022       0x34 c:/users/christian/.p2/pool/plugins/fr.ac6.mcu.externaltools.arm-none.win32_1.3.0.201507241045/tools/compiler/bin/../lib/gcc/arm-none-eabi/4.9.3/armv7e-m/fpu/crtbegin.o
 .ARM.attributes
                0x00000056       0x21 Application/SW4STM32/startup_stm32f411xe.o
 .ARM.attributes
                0x00000077       0x39 Application/User/gpio.o
 .ARM.attributes
                0x000000b0       0x39 Application/User/main.o
 .ARM.attributes
                0x000000e9       0x39 Application/User/spi.o
 .ARM.attributes
                0x00000122       0x39 Application/User/stm32f4xx_hal_msp.o
 .ARM.attributes
                0x0000015b       0x39 Application/User/stm32f4xx_it.o
 .ARM.attributes
                0x00000194       0x39 Application/User/tim.o
 .ARM.attributes
                0x000001cd       0x39 Application/User/usart.o
 .ARM.attributes
                0x00000206       0x39 Drivers/CMSIS/system_stm32f4xx.o
 .ARM.attributes
                0x0000023f       0x39 Drivers/STM32F4xx_HAL_Driver/stm32f4xx_hal.o
 .ARM.attributes
                0x00000278       0x39 Drivers/STM32F4xx_HAL_Driver/stm32f4xx_hal_cortex.o
 .ARM.attributes
                0x000002b1       0x39 Drivers/STM32F4xx_HAL_Driver/stm32f4xx_hal_gpio.o
 .ARM.attributes
                0x000002ea       0x39 Drivers/STM32F4xx_HAL_Driver/stm32f4xx_hal_rcc.o
 .ARM.attributes
                0x00000323       0x39 Drivers/STM32F4xx_HAL_Driver/stm32f4xx_hal_spi.o
 .ARM.attributes
                0x0000035c       0x39 Drivers/STM32F4xx_HAL_Driver/stm32f4xx_hal_tim.o
 .ARM.attributes
                0x00000395       0x39 Drivers/STM32F4xx_HAL_Driver/stm32f4xx_hal_tim_ex.o
 .ARM.attributes
                0x000003ce       0x39 Drivers/STM32F4xx_HAL_Driver/stm32f4xx_hal_uart.o
 .ARM.attributes
                0x00000407       0x39 lib/NRF24L01.o
 .ARM.attributes
                0x00000440       0x34 c:/users/christian/.p2/pool/plugins/fr.ac6.mcu.externaltools.arm-none.win32_1.3.0.201507241045/tools/compiler/bin/../lib/gcc/arm-none-eabi/4.9.3/../../../../arm-none-eabi/lib/armv7e-m/fpu\libc_nano.a(lib_a-init.o)
 .ARM.attributes
                0x00000474       0x22 c:/users/christian/.p2/pool/plugins/fr.ac6.mcu.externaltools.arm-none.win32_1.3.0.201507241045/tools/compiler/bin/../lib/gcc/arm-none-eabi/4.9.3/armv7e-m/fpu/crtn.o
OUTPUT(Bridge Configuration.elf elf32-littlearm)

.debug_line     0x00000000     0xbd79
 .debug_line    0x00000000       0xed Application/SW4STM32/startup_stm32f411xe.o
 .debug_line    0x000000ed      0x84f Application/User/gpio.o
 .debug_line    0x0000093c      0x8e2 Application/User/main.o
 .debug_line    0x0000121e      0x842 Application/User/spi.o
 .debug_line    0x00001a60      0x805 Application/User/stm32f4xx_hal_msp.o
 .debug_line    0x00002265      0x85a Application/User/stm32f4xx_it.o
 .debug_line    0x00002abf      0x867 Application/User/tim.o
 .debug_line    0x00003326      0x87a Application/User/usart.o
 .debug_line    0x00003ba0      0x860 Drivers/CMSIS/system_stm32f4xx.o
 .debug_line    0x00004400      0x9bb Drivers/STM32F4xx_HAL_Driver/stm32f4xx_hal.o
 .debug_line    0x00004dbb      0xae8 Drivers/STM32F4xx_HAL_Driver/stm32f4xx_hal_cortex.o
 .debug_line    0x000058a3      0x9b9 Drivers/STM32F4xx_HAL_Driver/stm32f4xx_hal_gpio.o
 .debug_line    0x0000625c      0xb4a Drivers/STM32F4xx_HAL_Driver/stm32f4xx_hal_rcc.o
 .debug_line    0x00006da6     0x101a Drivers/STM32F4xx_HAL_Driver/stm32f4xx_hal_spi.o
 .debug_line    0x00007dc0     0x17ba Drivers/STM32F4xx_HAL_Driver/stm32f4xx_hal_tim.o
 .debug_line    0x0000957a      0xdd6 Drivers/STM32F4xx_HAL_Driver/stm32f4xx_hal_tim_ex.o
 .debug_line    0x0000a350      0xead Drivers/STM32F4xx_HAL_Driver/stm32f4xx_hal_uart.o
 .debug_line    0x0000b1fd      0xb7c lib/NRF24L01.o

.debug_info     0x00000000     0xcb14
 .debug_info    0x00000000      0x119 Application/SW4STM32/startup_stm32f411xe.o
 .debug_info    0x00000119      0x5fb Application/User/gpio.o
 .debug_info    0x00000714      0xfe2 Application/User/main.o
 .debug_info    0x000016f6      0x8a8 Application/User/spi.o
 .debug_info    0x00001f9e      0x265 Application/User/stm32f4xx_hal_msp.o
 .debug_info    0x00002203      0x7d7 Application/User/stm32f4xx_it.o
 .debug_info    0x000029da      0xa1d Application/User/tim.o
 .debug_info    0x000033f7      0xa25 Application/User/usart.o
 .debug_info    0x00003e1c      0x4a4 Drivers/CMSIS/system_stm32f4xx.o
 .debug_info    0x000042c0      0x7aa Drivers/STM32F4xx_HAL_Driver/stm32f4xx_hal.o
 .debug_info    0x00004a6a      0xc76 Drivers/STM32F4xx_HAL_Driver/stm32f4xx_hal_cortex.o
 .debug_info    0x000056e0      0x6fc Drivers/STM32F4xx_HAL_Driver/stm32f4xx_hal_gpio.o
 .debug_info    0x00005ddc      0xb15 Drivers/STM32F4xx_HAL_Driver/stm32f4xx_hal_rcc.o
 .debug_info    0x000068f1      0xf7c Drivers/STM32F4xx_HAL_Driver/stm32f4xx_hal_spi.o
 .debug_info    0x0000786d     0x2172 Drivers/STM32F4xx_HAL_Driver/stm32f4xx_hal_tim.o
 .debug_info    0x000099df      0xf38 Drivers/STM32F4xx_HAL_Driver/stm32f4xx_hal_tim_ex.o
 .debug_info    0x0000a917      0xee3 Drivers/STM32F4xx_HAL_Driver/stm32f4xx_hal_uart.o
 .debug_info    0x0000b7fa     0x131a lib/NRF24L01.o

.debug_abbrev   0x00000000     0x1e6f
 .debug_abbrev  0x00000000       0x12 Application/SW4STM32/startup_stm32f411xe.o
 .debug_abbrev  0x00000012      0x171 Application/User/gpio.o
 .debug_abbrev  0x00000183      0x183 Application/User/main.o
 .debug_abbrev  0x00000306      0x176 Application/User/spi.o
 .debug_abbrev  0x0000047c       0x80 Application/User/stm32f4xx_hal_msp.o
 .debug_abbrev  0x000004fc      0x142 Application/User/stm32f4xx_it.o
 .debug_abbrev  0x0000063e      0x1c2 Application/User/tim.o
 .debug_abbrev  0x00000800      0x1be Application/User/usart.o
 .debug_abbrev  0x000009be      0x104 Drivers/CMSIS/system_stm32f4xx.o
 .debug_abbrev  0x00000ac2      0x21c Drivers/STM32F4xx_HAL_Driver/stm32f4xx_hal.o
 .debug_abbrev  0x00000cde      0x2c1 Drivers/STM32F4xx_HAL_Driver/stm32f4xx_hal_cortex.o
 .debug_abbrev  0x00000f9f      0x1ad Drivers/STM32F4xx_HAL_Driver/stm32f4xx_hal_gpio.o
 .debug_abbrev  0x0000114c      0x297 Drivers/STM32F4xx_HAL_Driver/stm32f4xx_hal_rcc.o
 .debug_abbrev  0x000013e3      0x20d Drivers/STM32F4xx_HAL_Driver/stm32f4xx_hal_spi.o
 .debug_abbrev  0x000015f0      0x216 Drivers/STM32F4xx_HAL_Driver/stm32f4xx_hal_tim.o
 .debug_abbrev  0x00001806      0x20d Drivers/STM32F4xx_HAL_Driver/stm32f4xx_hal_tim_ex.o
 .debug_abbrev  0x00001a13      0x227 Drivers/STM32F4xx_HAL_Driver/stm32f4xx_hal_uart.o
 .debug_abbrev  0x00001c3a      0x235 lib/NRF24L01.o

.debug_aranges  0x00000000      0xd10
 .debug_aranges
                0x00000000       0x28 Application/SW4STM32/startup_stm32f411xe.o
 .debug_aranges
                0x00000028       0x38 Application/User/gpio.o
 .debug_aranges
                0x00000060       0x28 Application/User/main.o
 .debug_aranges
                0x00000088       0x30 Application/User/spi.o
 .debug_aranges
                0x000000b8       0x20 Application/User/stm32f4xx_hal_msp.o
 .debug_aranges
                0x000000d8       0x40 Application/User/stm32f4xx_it.o
 .debug_aranges
                0x00000118       0x48 Application/User/tim.o
 .debug_aranges
                0x00000160       0x48 Application/User/usart.o
 .debug_aranges
                0x000001a8       0x28 Drivers/CMSIS/system_stm32f4xx.o
 .debug_aranges
                0x000001d0       0xc0 Drivers/STM32F4xx_HAL_Driver/stm32f4xx_hal.o
 .debug_aranges
                0x00000290      0x108 Drivers/STM32F4xx_HAL_Driver/stm32f4xx_hal_cortex.o
 .debug_aranges
                0x00000398       0x58 Drivers/STM32F4xx_HAL_Driver/stm32f4xx_hal_gpio.o
 .debug_aranges
                0x000003f0       0x88 Drivers/STM32F4xx_HAL_Driver/stm32f4xx_hal_rcc.o
 .debug_aranges
                0x00000478      0x158 Drivers/STM32F4xx_HAL_Driver/stm32f4xx_hal_spi.o
 .debug_aranges
                0x000005d0      0x368 Drivers/STM32F4xx_HAL_Driver/stm32f4xx_hal_tim.o
 .debug_aranges
                0x00000938      0x140 Drivers/STM32F4xx_HAL_Driver/stm32f4xx_hal_tim_ex.o
 .debug_aranges
                0x00000a78      0x150 Drivers/STM32F4xx_HAL_Driver/stm32f4xx_hal_uart.o
 .debug_aranges
                0x00000bc8      0x148 lib/NRF24L01.o

.debug_ranges   0x00000000      0xbf8
 .debug_ranges  0x00000000       0x20 Application/SW4STM32/startup_stm32f411xe.o
 .debug_ranges  0x00000020       0x28 Application/User/gpio.o
 .debug_ranges  0x00000048       0x18 Application/User/main.o
 .debug_ranges  0x00000060       0x20 Application/User/spi.o
 .debug_ranges  0x00000080       0x10 Application/User/stm32f4xx_hal_msp.o
 .debug_ranges  0x00000090       0x30 Application/User/stm32f4xx_it.o
 .debug_ranges  0x000000c0       0x38 Application/User/tim.o
 .debug_ranges  0x000000f8       0x38 Application/User/usart.o
 .debug_ranges  0x00000130       0x18 Drivers/CMSIS/system_stm32f4xx.o
 .debug_ranges  0x00000148       0xb0 Drivers/STM32F4xx_HAL_Driver/stm32f4xx_hal.o
 .debug_ranges  0x000001f8       0xf8 Drivers/STM32F4xx_HAL_Driver/stm32f4xx_hal_cortex.o
 .debug_ranges  0x000002f0       0x48 Drivers/STM32F4xx_HAL_Driver/stm32f4xx_hal_gpio.o
 .debug_ranges  0x00000338       0x78 Drivers/STM32F4xx_HAL_Driver/stm32f4xx_hal_rcc.o
 .debug_ranges  0x000003b0      0x148 Drivers/STM32F4xx_HAL_Driver/stm32f4xx_hal_spi.o
 .debug_ranges  0x000004f8      0x358 Drivers/STM32F4xx_HAL_Driver/stm32f4xx_hal_tim.o
 .debug_ranges  0x00000850      0x130 Drivers/STM32F4xx_HAL_Driver/stm32f4xx_hal_tim_ex.o
 .debug_ranges  0x00000980      0x140 Drivers/STM32F4xx_HAL_Driver/stm32f4xx_hal_uart.o
 .debug_ranges  0x00000ac0      0x138 lib/NRF24L01.o

.debug_macro    0x00000000    0x1051b
 .debug_macro   0x00000000      0x2a2 Application/User/gpio.o
 .debug_macro   0x000002a2      0x880 Application/User/gpio.o
 .debug_macro   0x00000b22       0x7c Application/User/gpio.o
 .debug_macro   0x00000b9e      0x1a8 Application/User/gpio.o
 .debug_macro   0x00000d46       0x2e Application/User/gpio.o
 .debug_macro   0x00000d74       0x28 Application/User/gpio.o
 .debug_macro   0x00000d9c       0x22 Application/User/gpio.o
 .debug_macro   0x00000dbe       0x44 Application/User/gpio.o
 .debug_macro   0x00000e02       0x1c Application/User/gpio.o
 .debug_macro   0x00000e1e      0x1f7 Application/User/gpio.o
 .debug_macro   0x00001015       0x35 Application/User/gpio.o
 .debug_macro   0x0000104a       0x50 Application/User/gpio.o
 .debug_macro   0x0000109a      0xe66 Application/User/gpio.o
 .debug_macro   0x00001f00     0x5092 Application/User/gpio.o
 .debug_macro   0x00006f92       0x43 Application/User/gpio.o
 .debug_macro   0x00006fd5     0x32ff Application/User/gpio.o
 .debug_macro   0x0000a2d4       0x58 Application/User/gpio.o
 .debug_macro   0x0000a32c       0x35 Application/User/gpio.o
 .debug_macro   0x0000a361       0x9c Application/User/gpio.o
 .debug_macro   0x0000a3fd       0x16 Application/User/gpio.o
 .debug_macro   0x0000a413       0x97 Application/User/gpio.o
 .debug_macro   0x0000a4aa      0x29d Application/User/gpio.o
 .debug_macro   0x0000a747       0xef Application/User/gpio.o
 .debug_macro   0x0000a836       0x10 Application/User/gpio.o
 .debug_macro   0x0000a846       0x52 Application/User/gpio.o
 .debug_macro   0x0000a898       0x16 Application/User/gpio.o
 .debug_macro   0x0000a8ae       0x43 Application/User/gpio.o
 .debug_macro   0x0000a8f1      0x180 Application/User/gpio.o
 .debug_macro   0x0000aa71       0x10 Application/User/gpio.o
 .debug_macro   0x0000aa81       0x22 Application/User/gpio.o
 .debug_macro   0x0000aaa3       0xbd Application/User/gpio.o
 .debug_macro   0x0000ab60       0x16 Application/User/gpio.o
 .debug_macro   0x0000ab76      0x196 Application/User/gpio.o
 .debug_macro   0x0000ad0c       0x50 Application/User/gpio.o
 .debug_macro   0x0000ad5c      0x440 Application/User/gpio.o
 .debug_macro   0x0000b19c      0x9d4 Application/User/gpio.o
 .debug_macro   0x0000bb70      0x11e Application/User/gpio.o
 .debug_macro   0x0000bc8e      0x11b Application/User/gpio.o
 .debug_macro   0x0000bda9       0x27 Application/User/gpio.o
 .debug_macro   0x0000bdd0      0x272 Application/User/gpio.o
 .debug_macro   0x0000c042       0x5f Application/User/gpio.o
 .debug_macro   0x0000c0a1      0x23a Application/User/gpio.o
 .debug_macro   0x0000c2db      0x13a Application/User/gpio.o
 .debug_macro   0x0000c415      0x264 Application/User/gpio.o
 .debug_macro   0x0000c679       0x2e Application/User/gpio.o
 .debug_macro   0x0000c6a7      0x11e Application/User/gpio.o
 .debug_macro   0x0000c7c5       0x85 Application/User/gpio.o
 .debug_macro   0x0000c84a       0x89 Application/User/gpio.o
 .debug_macro   0x0000c8d3      0x202 Application/User/gpio.o
 .debug_macro   0x0000cad5      0x6d9 Application/User/gpio.o
 .debug_macro   0x0000d1ae       0x59 Application/User/gpio.o
 .debug_macro   0x0000d207      0x14d Application/User/gpio.o
 .debug_macro   0x0000d354      0x287 Application/User/gpio.o
 .debug_macro   0x0000d5db      0x11e Application/User/gpio.o
 .debug_macro   0x0000d6f9      0x2c9 Application/User/main.o
 .debug_macro   0x0000d9c2      0x34d Application/User/main.o
 .debug_macro   0x0000dd0f      0x2ac Application/User/spi.o
 .debug_macro   0x0000dfbb      0x298 Application/User/stm32f4xx_hal_msp.o
 .debug_macro   0x0000e253      0x2a2 Application/User/stm32f4xx_it.o
 .debug_macro   0x0000e4f5      0x2a8 Application/User/tim.o
 .debug_macro   0x0000e79d      0x2ac Application/User/usart.o
 .debug_macro   0x0000ea49      0x29e Drivers/CMSIS/system_stm32f4xx.o
 .debug_macro   0x0000ece7      0x2e6 Drivers/STM32F4xx_HAL_Driver/stm32f4xx_hal.o
 .debug_macro   0x0000efcd      0x298 Drivers/STM32F4xx_HAL_Driver/stm32f4xx_hal_cortex.o
 .debug_macro   0x0000f265      0x2d0 Drivers/STM32F4xx_HAL_Driver/stm32f4xx_hal_gpio.o
 .debug_macro   0x0000f535      0x2c2 Drivers/STM32F4xx_HAL_Driver/stm32f4xx_hal_rcc.o
 .debug_macro   0x0000f7f7      0x29e Drivers/STM32F4xx_HAL_Driver/stm32f4xx_hal_spi.o
 .debug_macro   0x0000fa95      0x299 Drivers/STM32F4xx_HAL_Driver/stm32f4xx_hal_tim.o
 .debug_macro   0x0000fd2e      0x298 Drivers/STM32F4xx_HAL_Driver/stm32f4xx_hal_tim_ex.o
 .debug_macro   0x0000ffc6      0x2a0 Drivers/STM32F4xx_HAL_Driver/stm32f4xx_hal_uart.o
 .debug_macro   0x00010266      0x2b5 lib/NRF24L01.o

.debug_str      0x00000000    0x611fb
 .debug_str     0x00000000    0x5d02e Application/User/gpio.o
                              0x5d2e8 (size before relaxing)
 .debug_str     0x0005d02e      0xff9 Application/User/main.o
                              0x5e2d4 (size before relaxing)
 .debug_str     0x0005e027       0x80 Application/User/spi.o
                              0x5d3b2 (size before relaxing)
 .debug_str     0x0005e0a7       0x66 Application/User/stm32f4xx_hal_msp.o
                              0x5d10f (size before relaxing)
 .debug_str     0x0005e10d       0xca Application/User/stm32f4xx_it.o
                              0x5d40a (size before relaxing)
 .debug_str     0x0005e1d7      0x13b Application/User/tim.o
                              0x5d796 (size before relaxing)
 .debug_str     0x0005e312       0xc6 Application/User/usart.o
                              0x5d761 (size before relaxing)
 .debug_str     0x0005e3d8      0x13d Drivers/CMSIS/system_stm32f4xx.o
                              0x5cf6c (size before relaxing)
 .debug_str     0x0005e515      0x4f5 Drivers/STM32F4xx_HAL_Driver/stm32f4xx_hal.o
                              0x5d784 (size before relaxing)
 .debug_str     0x0005ea0a      0x3a7 Drivers/STM32F4xx_HAL_Driver/stm32f4xx_hal_cortex.o
                              0x5d641 (size before relaxing)
 .debug_str     0x0005edb1      0x29f Drivers/STM32F4xx_HAL_Driver/stm32f4xx_hal_gpio.o
                              0x5d1bb (size before relaxing)
 .debug_str     0x0005f050      0x2a5 Drivers/STM32F4xx_HAL_Driver/stm32f4xx_hal_rcc.o
                              0x5d339 (size before relaxing)
 .debug_str     0x0005f2f5      0x3e0 Drivers/STM32F4xx_HAL_Driver/stm32f4xx_hal_spi.o
                              0x5d61d (size before relaxing)
 .debug_str     0x0005f6d5      0xc70 Drivers/STM32F4xx_HAL_Driver/stm32f4xx_hal_tim.o
                              0x5df65 (size before relaxing)
 .debug_str     0x00060345      0x561 Drivers/STM32F4xx_HAL_Driver/stm32f4xx_hal_tim_ex.o
                              0x5d818 (size before relaxing)
 .debug_str     0x000608a6      0x381 Drivers/STM32F4xx_HAL_Driver/stm32f4xx_hal_uart.o
                              0x5d5e6 (size before relaxing)
 .debug_str     0x00060c27      0x5d4 lib/NRF24L01.o
                              0x5dffd (size before relaxing)

.comment        0x00000000       0x70
 .comment       0x00000000       0x70 Application/User/gpio.o
                                 0x71 (size before relaxing)
 .comment       0x00000000       0x71 Application/User/main.o
 .comment       0x00000000       0x71 Application/User/spi.o
 .comment       0x00000000       0x71 Application/User/stm32f4xx_hal_msp.o
 .comment       0x00000000       0x71 Application/User/stm32f4xx_it.o
 .comment       0x00000000       0x71 Application/User/tim.o
 .comment       0x00000000       0x71 Application/User/usart.o
 .comment       0x00000000       0x71 Drivers/CMSIS/system_stm32f4xx.o
 .comment       0x00000000       0x71 Drivers/STM32F4xx_HAL_Driver/stm32f4xx_hal.o
 .comment       0x00000000       0x71 Drivers/STM32F4xx_HAL_Driver/stm32f4xx_hal_cortex.o
 .comment       0x00000000       0x71 Drivers/STM32F4xx_HAL_Driver/stm32f4xx_hal_gpio.o
 .comment       0x00000000       0x71 Drivers/STM32F4xx_HAL_Driver/stm32f4xx_hal_rcc.o
 .comment       0x00000000       0x71 Drivers/STM32F4xx_HAL_Driver/stm32f4xx_hal_spi.o
 .comment       0x00000000       0x71 Drivers/STM32F4xx_HAL_Driver/stm32f4xx_hal_tim.o
 .comment       0x00000000       0x71 Drivers/STM32F4xx_HAL_Driver/stm32f4xx_hal_tim_ex.o
 .comment       0x00000000       0x71 Drivers/STM32F4xx_HAL_Driver/stm32f4xx_hal_uart.o
 .comment       0x00000000       0x71 lib/NRF24L01.o

.debug_frame    0x00000000     0x35c8
 .debug_frame   0x00000000       0x9c Application/User/gpio.o
 .debug_frame   0x0000009c       0x54 Application/User/main.o
 .debug_frame   0x000000f0       0x74 Application/User/spi.o
 .debug_frame   0x00000164       0x2c Application/User/stm32f4xx_hal_msp.o
 .debug_frame   0x00000190       0x9c Application/User/stm32f4xx_it.o
 .debug_frame   0x0000022c       0xe4 Application/User/tim.o
 .debug_frame   0x00000310       0xdc Application/User/usart.o
 .debug_frame   0x000003ec       0x58 Drivers/CMSIS/system_stm32f4xx.o
 .debug_frame   0x00000444      0x2c0 Drivers/STM32F4xx_HAL_Driver/stm32f4xx_hal.o
 .debug_frame   0x00000704      0x450 Drivers/STM32F4xx_HAL_Driver/stm32f4xx_hal_cortex.o
 .debug_frame   0x00000b54      0x14c Drivers/STM32F4xx_HAL_Driver/stm32f4xx_hal_gpio.o
 .debug_frame   0x00000ca0      0x204 Drivers/STM32F4xx_HAL_Driver/stm32f4xx_hal_rcc.o
 .debug_frame   0x00000ea4      0x604 Drivers/STM32F4xx_HAL_Driver/stm32f4xx_hal_spi.o
 .debug_frame   0x000014a8      0xfd0 Drivers/STM32F4xx_HAL_Driver/stm32f4xx_hal_tim.o
 .debug_frame   0x00002478      0x580 Drivers/STM32F4xx_HAL_Driver/stm32f4xx_hal_tim_ex.o
 .debug_frame   0x000029f8      0x5e8 Drivers/STM32F4xx_HAL_Driver/stm32f4xx_hal_uart.o
 .debug_frame   0x00002fe0      0x5bc lib/NRF24L01.o
 .debug_frame   0x0000359c       0x2c c:/users/christian/.p2/pool/plugins/fr.ac6.mcu.externaltools.arm-none.win32_1.3.0.201507241045/tools/compiler/bin/../lib/gcc/arm-none-eabi/4.9.3/../../../../arm-none-eabi/lib/armv7e-m/fpu\libc_nano.a(lib_a-init.o)
